Component: ARM Compiler 6.16 Tool: armlink [5dfeaa00]

==============================================================================

Section Cross References

    startup_stm32g0b1xx.o(RESET) refers to startup_stm32g0b1xx.o(STACK) for __initial_sp
    startup_stm32g0b1xx.o(RESET) refers to startup_stm32g0b1xx.o(.text) for Reset_Handler
    startup_stm32g0b1xx.o(RESET) refers to stm32g0xx_it.o(.text.NMI_Handler) for NMI_Handler
    startup_stm32g0b1xx.o(RESET) refers to stm32g0xx_it.o(.text.HardFault_Handler) for HardFault_Handler
    startup_stm32g0b1xx.o(RESET) refers to stm32g0xx_it.o(.text.SVC_Handler) for SVC_Handler
    startup_stm32g0b1xx.o(RESET) refers to stm32g0xx_it.o(.text.PendSV_Handler) for PendSV_Handler
    startup_stm32g0b1xx.o(RESET) refers to stm32g0xx_it.o(.text.SysTick_Handler) for SysTick_Handler
    startup_stm32g0b1xx.o(RESET) refers to stm32g0xx_it.o(.text.EXTI2_3_IRQHandler) for EXTI2_3_IRQHandler
    startup_stm32g0b1xx.o(RESET) refers to stm32g0xx_it.o(.text.EXTI4_15_IRQHandler) for EXTI4_15_IRQHandler
    startup_stm32g0b1xx.o(RESET) refers to stm32g0xx_it.o(.text.USART1_IRQHandler) for USART1_IRQHandler
    startup_stm32g0b1xx.o(.text) refers to system_stm32g0xx.o(.text.SystemInit) for SystemInit
    startup_stm32g0b1xx.o(.text) refers to entry.o(.ARM.Collect$$$$00000000) for __main
    main.o(.text.main) refers to stm32g0xx_hal.o(.text.HAL_Init) for HAL_Init
    main.o(.text.main) refers to main.o(.text.SystemClock_Config) for SystemClock_Config
    main.o(.text.main) refers to gpio.o(.text.MX_GPIO_Init) for MX_GPIO_Init
    main.o(.text.main) refers to usart.o(.text.MX_USART1_UART_Init) for MX_USART1_UART_Init
    main.o(.text.main) refers to iwdg.o(.text.MX_IWDG_Init) for MX_IWDG_Init
    main.o(.text.main) refers to stm32g0xx_hal_uart.o(.text.HAL_UART_Receive_IT) for HAL_UART_Receive_IT
    main.o(.text.main) refers to stm32g0xx_hal_gpio.o(.text.HAL_GPIO_WritePin) for HAL_GPIO_WritePin
    main.o(.text.main) refers to stm32g0xx_hal.o(.text.HAL_Delay) for HAL_Delay
    main.o(.text.main) refers to stm32g0xx_hal_iwdg.o(.text.HAL_IWDG_Refresh) for HAL_IWDG_Refresh
    main.o(.text.main) refers to debug.o(.text.os_time_get) for os_time_get
    main.o(.text.main) refers to uidiv_div0.o(.text) for __aeabi_uidiv
    main.o(.text.main) refers to printf6.o(i.__0printf$6) for __2printf
    main.o(.text.main) refers to stm32g0xx_hal.o(.text.HAL_GetTick) for HAL_GetTick
    main.o(.text.main) refers to puts.o(i.puts) for puts
    main.o(.text.main) refers to stm32g0xx_hal_gpio.o(.text.HAL_GPIO_TogglePin) for HAL_GPIO_TogglePin
    main.o(.text.main) refers to iwdg.o(.bss.hiwdg) for hiwdg
    main.o(.text.main) refers to usart.o(.bss.huart1) for huart1
    main.o(.text.main) refers to debug.o(.bss.dbg_rxdata) for dbg_rxdata
    main.o(.text.main) refers to debug.o(.data.dbg_level) for dbg_level
    main.o(.text.main) refers to main.o(.rodata.str1.1) for [Anonymous Symbol]
    main.o(.ARM.exidx.text.main) refers to main.o(.text.main) for [Anonymous Symbol]
    main.o(.text.SystemClock_Config) refers to memseta.o(.text) for __aeabi_memclr4
    main.o(.text.SystemClock_Config) refers to stm32g0xx_hal_pwr_ex.o(.text.HAL_PWREx_ControlVoltageScaling) for HAL_PWREx_ControlVoltageScaling
    main.o(.text.SystemClock_Config) refers to stm32g0xx_hal_rcc.o(.text.HAL_RCC_OscConfig) for HAL_RCC_OscConfig
    main.o(.text.SystemClock_Config) refers to stm32g0xx_hal_rcc.o(.text.HAL_RCC_ClockConfig) for HAL_RCC_ClockConfig
    main.o(.text.SystemClock_Config) refers to stm32g0xx_hal_rcc_ex.o(.text.HAL_RCCEx_PeriphCLKConfig) for HAL_RCCEx_PeriphCLKConfig
    main.o(.text.SystemClock_Config) refers to main.o(.text.Error_Handler) for Error_Handler
    main.o(.ARM.exidx.text.SystemClock_Config) refers to main.o(.text.SystemClock_Config) for [Anonymous Symbol]
    main.o(.ARM.exidx.text.Error_Handler) refers to main.o(.text.Error_Handler) for [Anonymous Symbol]
    main.o(.text.HAL_GPIO_EXTI_Falling_Callback) refers to debug.o(.text.os_time_get) for os_time_get
    main.o(.text.HAL_GPIO_EXTI_Falling_Callback) refers to uidiv_div0.o(.text) for __aeabi_uidiv
    main.o(.text.HAL_GPIO_EXTI_Falling_Callback) refers to printf6.o(i.__0printf$6) for __2printf
    main.o(.text.HAL_GPIO_EXTI_Falling_Callback) refers to puts.o(i.puts) for puts
    main.o(.text.HAL_GPIO_EXTI_Falling_Callback) refers to debug.o(.data.dbg_level) for dbg_level
    main.o(.text.HAL_GPIO_EXTI_Falling_Callback) refers to main.o(.rodata.str1.1) for [Anonymous Symbol]
    main.o(.text.HAL_GPIO_EXTI_Falling_Callback) refers to powermanagement.o(.data.wakeFlag) for wakeFlag
    main.o(.ARM.exidx.text.HAL_GPIO_EXTI_Falling_Callback) refers to main.o(.text.HAL_GPIO_EXTI_Falling_Callback) for [Anonymous Symbol]
    gpio.o(.text.MX_GPIO_Init) refers to stm32g0xx_hal_gpio.o(.text.HAL_GPIO_WritePin) for HAL_GPIO_WritePin
    gpio.o(.text.MX_GPIO_Init) refers to stm32g0xx_hal_gpio.o(.text.HAL_GPIO_Init) for HAL_GPIO_Init
[...]
    ../clib/microlib/stdio/puts.c            0x00000000   Number         0  puts_e.o ABSOLUTE
    ../clib/microlib/stdio/streams.c         0x00000000   Number         0  stdout.o ABSOLUTE
    ../clib/microlib/string/memset.c         0x00000000   Number         0  memseta.o ABSOLUTE
    ../clib/microlib/string/strchr.c         0x00000000   Number         0  strchr.o ABSOLUTE
    ../clib/microlib/string/strlen.c         0x00000000   Number         0  strlen.o ABSOLUTE
    ../clib/microlib/stubs.s                 0x00000000   Number         0  iusefp.o ABSOLUTE
    ../clib/scanf.c                          0x00000000   Number         0  sscanf.o ABSOLUTE
    ../clib/scanf.c                          0x00000000   Number         0  _scanf_int.o ABSOLUTE
    ../clib/scanf.c                          0x00000000   Number         0  _chval.o ABSOLUTE
    ../clib/scanf.c                          0x00000000   Number         0  _scanf_longlong.o ABSOLUTE
    ../clib/scanf.c                          0x00000000   Number         0  _scanf_str.o ABSOLUTE
    ../clib/scanf.c                          0x00000000   Number         0  scanf_fp.o ABSOLUTE
    ../clib/scanf.c                          0x00000000   Number         0  scanf_char.o ABSOLUTE
    ../clib/scanf.c                          0x00000000   Number         0  _sgetc.o ABSOLUTE
    ../clib/scanf.c                          0x00000000   Number         0  _scanf.o ABSOLUTE
    ../fplib/microlib/d2f.c                  0x00000000   Number         0  d2f.o ABSOLUTE
    ../fplib/microlib/fpadd.c                0x00000000   Number         0  dadd.o ABSOLUTE
    ../fplib/microlib/fpdiv.c                0x00000000   Number         0  ddiv.o ABSOLUTE
    ../fplib/microlib/fpepilogue.c           0x00000000   Number         0  depilogue.o ABSOLUTE
    ../fplib/microlib/fpepilogue.c           0x00000000   Number         0  fepilogue.o ABSOLUTE
    ../fplib/microlib/fpfix.c                0x00000000   Number         0  dfixul.o ABSOLUTE
    ../fplib/microlib/fpflt.c                0x00000000   Number         0  dfltul.o ABSOLUTE
    ../fplib/microlib/fpmul.c                0x00000000   Number         0  dmul.o ABSOLUTE
    PowerManagement.c                        0x00000000   Number         0  powermanagement.o ABSOLUTE
    cdrcmple.s                               0x00000000   Number         0  cdrcmple.o ABSOLUTE
    dc.s                                     0x00000000   Number         0  dc.o ABSOLUTE
    debug.c                                  0x00000000   Number         0  debug.o ABSOLUTE
    gpio.c                                   0x00000000   Number         0  gpio.o ABSOLUTE
    handlers.s                               0x00000000   Number         0  handlers.o ABSOLUTE
    init.s                                   0x00000000   Number         0  init.o ABSOLUTE
    iwdg.c                                   0x00000000   Number         0  iwdg.o ABSOLUTE
    main.c                                   0x00000000   Number         0  main.o ABSOLUTE
    startup_stm32g0b1xx.s                    0x00000000   Number         0  startup_stm32g0b1xx.o ABSOLUTE
    stm32g0xx_hal.c                          0x00000000   Number         0  stm32g0xx_hal.o ABSOLUTE
    stm32g0xx_hal_cortex.c                   0x00000000   Number         0  stm32g0xx_hal_cortex.o ABSOLUTE
    stm32g0xx_hal_dma.c                      0x00000000   Number         0  stm32g0xx_hal_dma.o ABSOLUTE
    stm32g0xx_hal_dma_ex.c                   0x00000000   Number         0  stm32g0xx_hal_dma_ex.o ABSOLUTE
    stm32g0xx_hal_exti.c                     0x00000000   Number         0  stm32g0xx_hal_exti.o ABSOLUTE
    stm32g0xx_hal_flash.c                    0x00000000   Number         0  stm32g0xx_hal_flash.o ABSOLUTE
    stm32g0xx_hal_flash_ex.c                 0x00000000   Number         0  stm32g0xx_hal_flash_ex.o ABSOLUTE
    stm32g0xx_hal_gpio.c                     0x00000000   Number         0  stm32g0xx_hal_gpio.o ABSOLUTE
    stm32g0xx_hal_iwdg.c                     0x00000000   Number         0  stm32g0xx_hal_iwdg.o ABSOLUTE
    stm32g0xx_hal_msp.c                      0x00000000   Number         0  stm32g0xx_hal_msp.o ABSOLUTE
    stm32g0xx_hal_pwr.c                      0x00000000   Number         0  stm32g0xx_hal_pwr.o ABSOLUTE
    stm32g0xx_hal_pwr_ex.c                   0x00000000   Number         0  stm32g0xx_hal_pwr_ex.o ABSOLUTE
    stm32g0xx_hal_rcc.c                      0x00000000   Number         0  stm32g0xx_hal_rcc.o ABSOLUTE
    stm32g0xx_hal_rcc_ex.c                   0x00000000   Number         0  stm32g0xx_hal_rcc_ex.o ABSOLUTE
    stm32g0xx_hal_tim.c                      0x00000000   Number         0  stm32g0xx_hal_tim.o ABSOLUTE
    stm32g0xx_hal_tim_ex.c                   0x00000000   Number         0  stm32g0xx_hal_tim_ex.o ABSOLUTE
    stm32g0xx_hal_uart.c                     0x00000000   Number         0  stm32g0xx_hal_uart.o ABSOLUTE
    stm32g0xx_hal_uart_ex.c                  0x00000000   Number         0  stm32g0xx_hal_uart_ex.o ABSOLUTE
    stm32g0xx_it.c                           0x00000000   Number         0  stm32g0xx_it.o ABSOLUTE
    stm32g0xx_ll_dma.c                       0x00000000   Number         0  stm32g0xx_ll_dma.o ABSOLUTE
    stm32g0xx_ll_rcc.c                       0x00000000   Number         0  stm32g0xx_ll_rcc.o ABSOLUTE
    system_stm32g0xx.c                       0x00000000   Number         0  system_stm32g0xx.o ABSOLUTE
    usart.c                                  0x00000000   Number         0  usart.o ABSOLUTE
    RESET                                    0x08000000   Section      188  startup_stm32g0b1xx.o(RESET)
    .ARM.Collect$$$$00000000                 0x080000bc   Section        0  entry.o(.ARM.Collect$$$$00000000)
    .ARM.Collect$$$$00000001                 0x080000bc   Section        4  entry2.o(.ARM.Collect$$$$00000001)
    .ARM.Collect$$$$00000004                 0x080000c0   Section        4  entry5.o(.ARM.Collect$$$$00000004)
    .ARM.Collect$$$$00000008                 0x080000c4   Section        0  entry7b.o(.ARM.Collect$$$$00000008)
    .ARM.Collect$$$$0000000A                 0x080000c4   Section        0  entry8b.o(.ARM.Collect$$$$0000000A)
    .ARM.Collect$$$$0000000B                 0x080000c4   Section        8  entry9a.o(.ARM.Collect$$$$0000000B)
    __lit__00000000                          0x080000cc   Data           4  entry2.o(.ARM.Collect$$$$00002712)
    .ARM.Collect$$$$0000000D                 0x080000cc   Section        0  entry10a.o(.ARM.Collect$$$$0000000D)
    .ARM.Collect$$$$0000000F                 0x080000cc   Section        0  entry11a.o(.ARM.Collect$$$$0000000F)
    .ARM.Collect$$$$00002712                 0x080000cc   Section        4  entry2.o(.ARM.Collect$$$$00002712)
    .text                                    0x080000d0   Section       28  startup_stm32g0b1xx.o(.text)
    .text                                    0x080000ec   Section        0  uldiv.o(.text)
    .text                                    0x0800014c   Section        0  memseta.o(.text)
    .text                                    0x08000170   Section        0  strchr.o(.text)
    .text                                    0x08000184   Section        0  strlen.o(.text)
    .text                                    0x08000194   Section        0  sscanf.o(.text)
    .text                                    0x080001d0   Section        0  _scanf_int.o(.text)
    .text                                    0x0800031a   Section        0  uidiv_div0.o(.text)
    .text                                    0x08000358   Section        0  llshl.o(.text)
    .text                                    0x08000378   Section        0  llushr.o(.text)
    .text                                    0x0800039a   Section        0  _chval.o(.text)
    .text                                    0x080003b8   Section        0  _scanf_longlong.o(.text)
    .text                                    0x08000502   Section        0  _scanf_str.o(.text)
    _fp_value                                0x080005ed   Thumb Code   286  scanf_fp.o(.text)
    .text                                    0x080005ec   Section        0  scanf_fp.o(.text)
    _scanf_char_input                        0x08000961   Thumb Code    12  scanf_char.o(.text)
    .text                                    0x08000960   Section        0  scanf_char.o(.text)
    .text                                    0x0800098c   Section        0  _sgetc.o(.text)
    .text                                    0x080009d0   Section        0  iusefp.o(.text)
    .text                                    0x080009d0   Section        0  dmul.o(.text)
    .text                                    0x08000aa0   Section        0  ddiv.o(.text)
    .text                                    0x08000b90   Section       36  init.o(.text)
    .text                                    0x08000bb4   Section        0  llmul.o(.text)
    .text                                    0x08000be4   Section        0  isspace_c.o(.text)
    .text                                    0x08000bf4   Section        0  _scanf.o(.text)
    .text                                    0x08000f2c   Section        0  depilogue.o(.text)
    .text                                    0x08000fec   Section        0  dfltul.o(.text)
    .text                                    0x08001008   Section        0  d2f.o(.text)
    .text                                    0x08001040   Section        0  ctype_c.o(.text)
    .text                                    0x08001064   Section        0  fepilogue.o(.text)
    AT_DeviceHandle                          0x080010e9   Thumb Code   236  debug.o(.text.AT_DeviceHandle)
    [Anonymous Symbol]                       0x080010e8   Section        0  debug.o(.text.AT_DeviceHandle)
    __arm_cp.2_0                             0x080011d4   Number         4  debug.o(.text.AT_DeviceHandle)
    __arm_cp.2_1                             0x080011d8   Number         4  debug.o(.text.AT_DeviceHandle)
    __arm_cp.2_2                             0x080011dc   Number         4  debug.o(.text.AT_DeviceHandle)
    __arm_cp.2_3                             0x080011e0   Number         4  debug.o(.text.AT_DeviceHandle)
    __arm_cp.2_4                             0x080011e4   Number         4  debug.o(.text.AT_DeviceHandle)
    __arm_cp.2_5                             0x080011e8   Number         4  debug.o(.text.AT_DeviceHandle)
    __arm_cp.2_6                             0x080011ec   Number         4  debug.o(.text.AT_DeviceHandle)
    CAN2_RX_CfgExtiMode                      0x0800122d   Thumb Code    84  powermanagement.o(.text.CAN2_RX_CfgExtiMode)
    [Anonymous Symbol]                       0x0800122c   Section        0  powermanagement.o(.text.CAN2_RX_CfgExtiMode)
    __arm_cp.4_1                             0x08001280   Number         4  powermanagement.o(.text.CAN2_RX_CfgExtiMode)
    __arm_cp.4_2                             0x08001284   Number         4  powermanagement.o(.text.CAN2_RX_CfgExtiMode)
    [Anonymous Symbol]                       0x08001288   Section        0  stm32g0xx_it.o(.text.EXTI2_3_IRQHandler)
    [Anonymous Symbol]                       0x08001292   Section        0  stm32g0xx_it.o(.text.EXTI4_15_IRQHandler)
    EnterSleepMode                           0x080012a5   Thumb Code    32  powermanagement.o(.text.EnterSleepMode)
    [Anonymous Symbol]                       0x080012a4   Section        0  powermanagement.o(.text.EnterSleepMode)
    [Anonymous Symbol]                       0x080012c4   Section        0  main.o(.text.Error_Handler)
    ExitLowPowerMode                         0x080012cd   Thumb Code   324  powermanagement.o(.text.ExitLowPowerMode)
    [Anonymous Symbol]                       0x080012cc   Section        0  powermanagement.o(.text.ExitLowPowerMode)
    __arm_cp.3_0                             0x08001410   Number         4  powermanagement.o(.text.ExitLowPowerMode)
    __arm_cp.3_1                             0x08001414   Number         4  powermanagement.o(.text.ExitLowPowerMode)
    __arm_cp.3_2                             0x08001418   Number         4  powermanagement.o(.text.ExitLowPowerMode)
    __arm_cp.3_3                             0x0800141c   Number         4  powermanagement.o(.text.ExitLowPowerMode)
    __arm_cp.3_5                             0x08001424   Number         4  powermanagement.o(.text.ExitLowPowerMode)
    __arm_cp.3_6                             0x08001428   Number         4  powermanagement.o(.text.ExitLowPowerMode)
    __arm_cp.3_10                            0x08001450   Number         4  powermanagement.o(.text.ExitLowPowerMode)
    [Anonymous Symbol]                       0x08001454   Section        0  stm32g0xx_hal_dma.o(.text.HAL_DMA_Abort)
    [Anonymous Symbol]                       0x080014bc   Section        0  stm32g0xx_hal_dma.o(.text.HAL_DMA_Abort_IT)
    __arm_cp.8_0                             0x08001528   Number         4  stm32g0xx_hal_dma.o(.text.HAL_DMA_Abort_IT)
    [Anonymous Symbol]                       0x0800152c   Section        0  stm32g0xx_hal.o(.text.HAL_Delay)
    __arm_cp.10_0                            0x0800154c   Number         4  stm32g0xx_hal.o(.text.HAL_Delay)
    [Anonymous Symbol]                       0x08001550   Section        0  stm32g0xx_hal_gpio.o(.text.HAL_GPIO_DeInit)
    [Anonymous Symbol]                       0x08001640   Section        0  main.o(.text.HAL_GPIO_EXTI_Falling_Callback)
    __arm_cp.3_0                             0x08001700   Number         4  main.o(.text.HAL_GPIO_EXTI_Falling_Callback)
    __arm_cp.3_1                             0x08001704   Number         4  main.o(.text.HAL_GPIO_EXTI_Falling_Callback)
    __arm_cp.3_6                             0x0800172c   Number         4  main.o(.text.HAL_GPIO_EXTI_Falling_Callback)
    [Anonymous Symbol]                       0x08001730   Section        0  stm32g0xx_hal_gpio.o(.text.HAL_GPIO_EXTI_IRQHandler)
    __arm_cp.6_0                             0x08001754   Number         4  stm32g0xx_hal_gpio.o(.text.HAL_GPIO_EXTI_IRQHandler)
    [Anonymous Symbol]                       0x08001758   Section        0  stm32g0xx_hal_gpio.o(.text.HAL_GPIO_EXTI_Rising_Callback)
    [Anonymous Symbol]                       0x0800175c   Section        0  stm32g0xx_hal_gpio.o(.text.HAL_GPIO_Init)
    __arm_cp.0_0                             0x080018cc   Number         4  stm32g0xx_hal_gpio.o(.text.HAL_GPIO_Init)
    __arm_cp.0_1                             0x080018d0   Number         4  stm32g0xx_hal_gpio.o(.text.HAL_GPIO_Init)
    __arm_cp.0_2                             0x080018d4   Number         4  stm32g0xx_hal_gpio.o(.text.HAL_GPIO_Init)
    __arm_cp.0_3                             0x080018d8   Number         4  stm32g0xx_hal_gpio.o(.text.HAL_GPIO_Init)
    [Anonymous Symbol]                       0x080018dc   Section        0  stm32g0xx_hal_gpio.o(.text.HAL_GPIO_TogglePin)
    [Anonymous Symbol]                       0x080018ec   Section        0  stm32g0xx_hal_gpio.o(.text.HAL_GPIO_WritePin)
    [Anonymous Symbol]                       0x080018fc   Section        0  stm32g0xx_hal.o(.text.HAL_GetTick)
    [Anonymous Symbol]                       0x08001904   Section        0  stm32g0xx_hal_iwdg.o(.text.HAL_IWDG_Init)
    __arm_cp.0_0                             0x08001954   Number         4  stm32g0xx_hal_iwdg.o(.text.HAL_IWDG_Init)
    __arm_cp.0_1                             0x08001958   Number         4  stm32g0xx_hal_iwdg.o(.text.HAL_IWDG_Init)
    [Anonymous Symbol]                       0x0800195c   Section        0  stm32g0xx_hal_iwdg.o(.text.HAL_IWDG_Refresh)
    __arm_cp.1_0                             0x08001968   Number         4  stm32g0xx_hal_iwdg.o(.text.HAL_IWDG_Refresh)
    [Anonymous Symbol]                       0x0800196c   Section        0  stm32g0xx_hal.o(.text.HAL_IncTick)
    __arm_cp.5_1                             0x0800197c   Number         4  stm32g0xx_hal.o(.text.HAL_IncTick)
    [Anonymous Symbol]                       0x08001980   Section        0  stm32g0xx_hal.o(.text.HAL_Init)
    __arm_cp.0_0                             0x080019a8   Number         4  stm32g0xx_hal.o(.text.HAL_Init)
    [Anonymous Symbol]                       0x080019ac   Section        0  stm32g0xx_hal.o(.text.HAL_InitTick)
    __arm_cp.1_0                             0x080019ec   Number         4  stm32g0xx_hal.o(.text.HAL_InitTick)
    __arm_cp.1_2                             0x080019f0   Number         4  stm32g0xx_hal.o(.text.HAL_InitTick)
    [Anonymous Symbol]                       0x080019f4   Section        0  stm32g0xx_hal_msp.o(.text.HAL_MspInit)
    __arm_cp.0_0                             0x08001a28   Number         4  stm32g0xx_hal_msp.o(.text.HAL_MspInit)
    [Anonymous Symbol]                       0x08001a2c   Section        0  stm32g0xx_hal_cortex.o(.text.HAL_NVIC_DisableIRQ)
    [Anonymous Symbol]                       0x08001a34   Section        0  stm32g0xx_hal_cortex.o(.text.HAL_NVIC_EnableIRQ)
    [Anonymous Symbol]                       0x08001a3c   Section        0  stm32g0xx_hal_cortex.o(.text.HAL_NVIC_SetPriority)
    [Anonymous Symbol]                       0x08001a44   Section        0  stm32g0xx_hal_pwr_ex.o(.text.HAL_PWREx_ControlVoltageScaling)
    [Anonymous Symbol]                       0x08001a8c   Section        0  stm32g0xx_hal_pwr_ex.o(.text.HAL_PWREx_DisableLowPowerRunMode)
    __arm_cp.29_0                            0x08001ac8   Number         4  stm32g0xx_hal_pwr_ex.o(.text.HAL_PWREx_DisableLowPowerRunMode)
    __arm_cp.29_2                            0x08001acc   Number         4  stm32g0xx_hal_pwr_ex.o(.text.HAL_PWREx_DisableLowPowerRunMode)
    [Anonymous Symbol]                       0x08001ad0   Section        0  stm32g0xx_hal_pwr_ex.o(.text.HAL_PWREx_EnableLowPowerRunMode)
    [Anonymous Symbol]                       0x08001ae0   Section        0  stm32g0xx_hal_pwr_ex.o(.text.HAL_PWREx_EnterSHUTDOWNMode)
    [Anonymous Symbol]                       0x08001afc   Section        0  stm32g0xx_hal_pwr.o(.text.HAL_PWR_EnterSLEEPMode)
    __arm_cp.5_0                             0x08001b40   Number         4  stm32g0xx_hal_pwr.o(.text.HAL_PWR_EnterSLEEPMode)
    [Anonymous Symbol]                       0x08001b44   Section        0  stm32g0xx_hal_pwr.o(.text.HAL_PWR_EnterSTANDBYMode)
    [Anonymous Symbol]                       0x08001b60   Section        0  stm32g0xx_hal_pwr.o(.text.HAL_PWR_EnterSTOPMode)
    __arm_cp.6_0                             0x08001b94   Number         4  stm32g0xx_hal_pwr.o(.text.HAL_PWR_EnterSTOPMode)
    __arm_cp.6_1                             0x08001b98   Number         4  stm32g0xx_hal_pwr.o(.text.HAL_PWR_EnterSTOPMode)
    [Anonymous Symbol]                       0x08001b9c   Section        0  stm32g0xx_hal_rcc_ex.o(.text.HAL_RCCEx_PeriphCLKConfig)
    __arm_cp.0_0                             0x08001e40   Number         4  stm32g0xx_hal_rcc_ex.o(.text.HAL_RCCEx_PeriphCLKConfig)
    __arm_cp.0_1                             0x08001e44   Number         4  stm32g0xx_hal_rcc_ex.o(.text.HAL_RCCEx_PeriphCLKConfig)
    __arm_cp.0_2                             0x08001e48   Number         4  stm32g0xx_hal_rcc_ex.o(.text.HAL_RCCEx_PeriphCLKConfig)
    __arm_cp.0_3                             0x08001e4c   Number         4  stm32g0xx_hal_rcc_ex.o(.text.HAL_RCCEx_PeriphCLKConfig)
    __arm_cp.0_4                             0x08001e50   Number         4  stm32g0xx_hal_rcc_ex.o(.text.HAL_RCCEx_PeriphCLKConfig)
    __arm_cp.0_5                             0x08001e54   Number         4  stm32g0xx_hal_rcc_ex.o(.text.HAL_RCCEx_PeriphCLKConfig)
    [Anonymous Symbol]                       0x08001e58   Section        0  stm32g0xx_hal_rcc.o(.text.HAL_RCC_ClockConfig)
    __arm_cp.2_0                             0x08001fb8   Number         4  stm32g0xx_hal_rcc.o(.text.HAL_RCC_ClockConfig)
    __arm_cp.2_1                             0x08001fbc   Number         4  stm32g0xx_hal_rcc.o(.text.HAL_RCC_ClockConfig)
    __arm_cp.2_3                             0x08001fc0   Number         4  stm32g0xx_hal_rcc.o(.text.HAL_RCC_ClockConfig)
    __arm_cp.2_5                             0x08001fc4   Number         4  stm32g0xx_hal_rcc.o(.text.HAL_RCC_ClockConfig)
    [Anonymous Symbol]                       0x08001fc8   Section        0  stm32g0xx_hal_rcc.o(.text.HAL_RCC_GetHCLKFreq)
    __arm_cp.5_0                             0x08001fd0   Number         4  stm32g0xx_hal_rcc.o(.text.HAL_RCC_GetHCLKFreq)
    [Anonymous Symbol]                       0x08001fd4   Section        0  stm32g0xx_hal_rcc.o(.text.HAL_RCC_GetPCLK1Freq)
    __arm_cp.6_0                             0x08001ff4   Number         4  stm32g0xx_hal_rcc.o(.text.HAL_RCC_GetPCLK1Freq)
    [Anonymous Symbol]                       0x08001ff8   Section        0  stm32g0xx_hal_rcc.o(.text.HAL_RCC_GetSysClockFreq)
    __arm_cp.3_0                             0x08002074   Number         4  stm32g0xx_hal_rcc.o(.text.HAL_RCC_GetSysClockFreq)
    __arm_cp.3_1                             0x08002078   Number         4  stm32g0xx_hal_rcc.o(.text.HAL_RCC_GetSysClockFreq)
    __arm_cp.3_2                             0x0800207c   Number         4  stm32g0xx_hal_rcc.o(.text.HAL_RCC_GetSysClockFreq)
    [Anonymous Symbol]                       0x08002080   Section        0  stm32g0xx_hal_rcc.o(.text.HAL_RCC_OscConfig)
    __arm_cp.1_9                             0x08002474   Number         4  stm32g0xx_hal_rcc.o(.text.HAL_RCC_OscConfig)
    __arm_cp.1_1                             0x08002500   Number         4  stm32g0xx_hal_rcc.o(.text.HAL_RCC_OscConfig)
    __arm_cp.1_2                             0x08002504   Number         4  stm32g0xx_hal_rcc.o(.text.HAL_RCC_OscConfig)
    __arm_cp.1_3                             0x08002508   Number         4  stm32g0xx_hal_rcc.o(.text.HAL_RCC_OscConfig)
    __arm_cp.1_4                             0x0800250c   Number         4  stm32g0xx_hal_rcc.o(.text.HAL_RCC_OscConfig)
    __arm_cp.1_5                             0x08002510   Number         4  stm32g0xx_hal_rcc.o(.text.HAL_RCC_OscConfig)
    __arm_cp.1_6                             0x08002514   Number         4  stm32g0xx_hal_rcc.o(.text.HAL_RCC_OscConfig)
    __arm_cp.1_7                             0x08002518   Number         4  stm32g0xx_hal_rcc.o(.text.HAL_RCC_OscConfig)
    [Anonymous Symbol]                       0x0800251c   Section        0  stm32g0xx_hal.o(.text.HAL_ResumeTick)
    [Anonymous Symbol]                       0x08002528   Section        0  stm32g0xx_hal.o(.text.HAL_SYSCFG_StrobeDBattpinsConfig)
    __arm_cp.34_0                            0x08002538   Number         4  stm32g0xx_hal.o(.text.HAL_SYSCFG_StrobeDBattpinsConfig)
    [Anonymous Symbol]                       0x0800253c   Section        0  stm32g0xx_hal_cortex.o(.text.HAL_SYSTICK_Config)
    [Anonymous Symbol]                       0x08002544   Section        0  stm32g0xx_hal.o(.text.HAL_SuspendTick)
    __arm_cp.11_0                            0x08002550   Number         4  stm32g0xx_hal.o(.text.HAL_SuspendTick)
    [Anonymous Symbol]                       0x08002554   Section        0  stm32g0xx_hal_uart_ex.o(.text.HAL_UARTEx_DisableFifoMode)
    [Anonymous Symbol]                       0x0800258a   Section        0  stm32g0xx_hal_uart.o(.text.HAL_UARTEx_RxEventCallback)
    [Anonymous Symbol]                       0x0800258c   Section        0  stm32g0xx_hal_uart_ex.o(.text.HAL_UARTEx_RxFifoFullCallback)
    [Anonymous Symbol]                       0x0800258e   Section        0  stm32g0xx_hal_uart_ex.o(.text.HAL_UARTEx_SetRxFifoThreshold)
    [Anonymous Symbol]                       0x080025d4   Section        0  stm32g0xx_hal_uart_ex.o(.text.HAL_UARTEx_SetTxFifoThreshold)
    [Anonymous Symbol]                       0x0800261a   Section        0  stm32g0xx_hal_uart_ex.o(.text.HAL_UARTEx_TxFifoEmptyCallback)
    [Anonymous Symbol]                       0x0800261c   Section        0  stm32g0xx_hal_uart_ex.o(.text.HAL_UARTEx_WakeupCallback)
    [Anonymous Symbol]                       0x0800261e   Section        0  stm32g0xx_hal_uart.o(.text.HAL_UART_DeInit)
    [Anonymous Symbol]                       0x08002658   Section        0  stm32g0xx_hal_uart.o(.text.HAL_UART_ErrorCallback)
    [Anonymous Symbol]                       0x0800265c   Section        0  stm32g0xx_hal_uart.o(.text.HAL_UART_IRQHandler)
    __arm_cp.44_0                            0x080028e0   Number         4  stm32g0xx_hal_uart.o(.text.HAL_UART_IRQHandler)
    __arm_cp.44_1                            0x080028e4   Number         4  stm32g0xx_hal_uart.o(.text.HAL_UART_IRQHandler)
    __arm_cp.44_2                            0x080028e8   Number         4  stm32g0xx_hal_uart.o(.text.HAL_UART_IRQHandler)
    __arm_cp.44_3                            0x080028ec   Number         4  stm32g0xx_hal_uart.o(.text.HAL_UART_IRQHandler)
    [Anonymous Symbol]                       0x080028f0   Section        0  stm32g0xx_hal_uart.o(.text.HAL_UART_Init)
    [Anonymous Symbol]                       0x0800295c   Section        0  usart.o(.text.HAL_UART_MspDeInit)
    __arm_cp.2_1                             0x08002988   Number         4  usart.o(.text.HAL_UART_MspDeInit)
    [Anonymous Symbol]                       0x0800298c   Section        0  usart.o(.text.HAL_UART_MspInit)
    __arm_cp.1_1                             0x080029fc   Number         4  usart.o(.text.HAL_UART_MspInit)
    [Anonymous Symbol]                       0x08002a00   Section        0  stm32g0xx_hal_uart.o(.text.HAL_UART_Receive_IT)
    [Anonymous Symbol]                       0x08002a4c   Section        0  debug.o(.text.HAL_UART_RxCpltCallback)
    __arm_cp.1_0                             0x08002a90   Number         4  debug.o(.text.HAL_UART_RxCpltCallback)
    __arm_cp.1_1                             0x08002a94   Number         4  debug.o(.text.HAL_UART_RxCpltCallback)
    __arm_cp.1_2                             0x08002a98   Number         4  debug.o(.text.HAL_UART_RxCpltCallback)
    __arm_cp.1_3                             0x08002a9c   Number         4  debug.o(.text.HAL_UART_RxCpltCallback)
    [Anonymous Symbol]                       0x08002aa0   Section        0  stm32g0xx_hal_uart.o(.text.HAL_UART_Transmit)
    __arm_cp.10_0                            0x08002b9c   Number         4  stm32g0xx_hal_uart.o(.text.HAL_UART_Transmit)
    [Anonymous Symbol]                       0x08002ba0   Section        0  stm32g0xx_hal_uart.o(.text.HAL_UART_TxCpltCallback)
    [Anonymous Symbol]                       0x08002ba2   Section        0  stm32g0xx_it.o(.text.HardFault_Handler)
    LL_RCC_GetAPB1Prescaler                  0x08002ba5   Thumb Code    12  stm32g0xx_hal_rcc.o(.text.LL_RCC_GetAPB1Prescaler)
    [Anonymous Symbol]                       0x08002ba4   Section        0  stm32g0xx_hal_rcc.o(.text.LL_RCC_GetAPB1Prescaler)
    __arm_cp.7_0                             0x08002bb0   Number         4  stm32g0xx_hal_rcc.o(.text.LL_RCC_GetAPB1Prescaler)
    LowPowerPreProc                          0x08002bb5   Thumb Code   252  powermanagement.o(.text.LowPowerPreProc)
    [Anonymous Symbol]                       0x08002bb4   Section        0  powermanagement.o(.text.LowPowerPreProc)
    __arm_cp.1_0                             0x08002cb0   Number         4  powermanagement.o(.text.LowPowerPreProc)
    __arm_cp.1_1                             0x08002cb4   Number         4  powermanagement.o(.text.LowPowerPreProc)
    __arm_cp.1_2                             0x08002cb8   Number         4  powermanagement.o(.text.LowPowerPreProc)
    __arm_cp.1_3                             0x08002cbc   Number         4  powermanagement.o(.text.LowPowerPreProc)
    __arm_cp.1_7                             0x08002cc4   Number         4  powermanagement.o(.text.LowPowerPreProc)
    [Anonymous Symbol]                       0x08002cc8   Section        0  gpio.o(.text.MX_GPIO_Init)
    __arm_cp.0_0                             0x08002da4   Number         4  gpio.o(.text.MX_GPIO_Init)
    __arm_cp.0_1                             0x08002da8   Number         4  gpio.o(.text.MX_GPIO_Init)
    __arm_cp.0_2                             0x08002dac   Number         4  gpio.o(.text.MX_GPIO_Init)
    __arm_cp.0_3                             0x08002db0   Number         4  gpio.o(.text.MX_GPIO_Init)
    __arm_cp.0_4                             0x08002db4   Number         4  gpio.o(.text.MX_GPIO_Init)
    [Anonymous Symbol]                       0x08002db8   Section        0  iwdg.o(.text.MX_IWDG_Init)
    __arm_cp.0_0                             0x08002dd8   Number         4  iwdg.o(.text.MX_IWDG_Init)
    __arm_cp.0_1                             0x08002ddc   Number         4  iwdg.o(.text.MX_IWDG_Init)
    __arm_cp.0_2                             0x08002de0   Number         4  iwdg.o(.text.MX_IWDG_Init)
    [Anonymous Symbol]                       0x08002de4   Section        0  usart.o(.text.MX_USART1_UART_Init)
    __arm_cp.0_0                             0x08002e44   Number         4  usart.o(.text.MX_USART1_UART_Init)
    __arm_cp.0_1                             0x08002e48   Number         4  usart.o(.text.MX_USART1_UART_Init)
    [Anonymous Symbol]                       0x08002e4c   Section        0  stm32g0xx_it.o(.text.NMI_Handler)
    OnCfgDebug                               0x08002e51   Thumb Code   212  debug.o(.text.OnCfgDebug)
    [Anonymous Symbol]                       0x08002e50   Section        0  debug.o(.text.OnCfgDebug)
    __arm_cp.4_0                             0x08002f24   Number         4  debug.o(.text.OnCfgDebug)
    __arm_cp.4_1                             0x08002f28   Number         4  debug.o(.text.OnCfgDebug)
    __arm_cp.4_5                             0x08002f70   Number         4  debug.o(.text.OnCfgDebug)
    __arm_cp.4_7                             0x08002f78   Number         4  debug.o(.text.OnCfgDebug)
    [Anonymous Symbol]                       0x08002f7c   Section        0  stm32g0xx_it.o(.text.PendSV_Handler)
    [Anonymous Symbol]                       0x08002f7e   Section        0  stm32g0xx_it.o(.text.SVC_Handler)
    SysTick_Config                           0x08002f81   Thumb Code    36  stm32g0xx_hal_cortex.o(.text.SysTick_Config)
    [Anonymous Symbol]                       0x08002f80   Section        0  stm32g0xx_hal_cortex.o(.text.SysTick_Config)
    __arm_cp.9_0                             0x08002fa4   Number         4  stm32g0xx_hal_cortex.o(.text.SysTick_Config)
    [Anonymous Symbol]                       0x08002fa8   Section        0  stm32g0xx_it.o(.text.SysTick_Handler)
    [Anonymous Symbol]                       0x08002fb0   Section        0  main.o(.text.SystemClock_Config)
    [Anonymous Symbol]                       0x08003034   Section        0  powermanagement.o(.text.SystemEnterLowerPower)
    __arm_cp.0_0                             0x0800320c   Number         4  powermanagement.o(.text.SystemEnterLowerPower)
    __arm_cp.0_1                             0x08003210   Number         4  powermanagement.o(.text.SystemEnterLowerPower)
    __arm_cp.0_4                             0x08003230   Number         4  powermanagement.o(.text.SystemEnterLowerPower)
    __arm_cp.0_9                             0x08003298   Number         4  powermanagement.o(.text.SystemEnterLowerPower)
    [Anonymous Symbol]                       0x080032b4   Section        0  system_stm32g0xx.o(.text.SystemInit)
    __arm_cp.0_0                             0x080032c0   Number         4  system_stm32g0xx.o(.text.SystemInit)
    UARTEx_SetNbDataToProcess                0x080032c5   Thumb Code    64  stm32g0xx_hal_uart_ex.o(.text.UARTEx_SetNbDataToProcess)
    [Anonymous Symbol]                       0x080032c4   Section        0  stm32g0xx_hal_uart_ex.o(.text.UARTEx_SetNbDataToProcess)
    __arm_cp.10_0                            0x08003304   Number         4  stm32g0xx_hal_uart_ex.o(.text.UARTEx_SetNbDataToProcess)
    __arm_cp.10_1                            0x08003308   Number         4  stm32g0xx_hal_uart_ex.o(.text.UARTEx_SetNbDataToProcess)
    [Anonymous Symbol]                       0x0800330c   Section        0  stm32g0xx_hal_uart.o(.text.UART_AdvFeatureConfig)
    [Anonymous Symbol]                       0x080033e0   Section        0  stm32g0xx_hal_uart.o(.text.UART_CheckIdleState)
    __arm_cp.4_0                             0x0800344c   Number         4  stm32g0xx_hal_uart.o(.text.UART_CheckIdleState)
    UART_DMAAbortOnError                     0x08003451   Thumb Code    22  stm32g0xx_hal_uart.o(.text.UART_DMAAbortOnError)
    [Anonymous Symbol]                       0x08003450   Section        0  stm32g0xx_hal_uart.o(.text.UART_DMAAbortOnError)
    UART_EndRxTransfer                       0x08003469   Thumb Code    48  stm32g0xx_hal_uart.o(.text.UART_EndRxTransfer)
    [Anonymous Symbol]                       0x08003468   Section        0  stm32g0xx_hal_uart.o(.text.UART_EndRxTransfer)
    UART_EndTransmit_IT                      0x08003499   Thumb Code    28  stm32g0xx_hal_uart.o(.text.UART_EndTransmit_IT)
    [Anonymous Symbol]                       0x08003498   Section        0  stm32g0xx_hal_uart.o(.text.UART_EndTransmit_IT)
    UART_RxISR_16BIT                         0x080034b5   Thumb Code   120  stm32g0xx_hal_uart.o(.text.UART_RxISR_16BIT)
    [Anonymous Symbol]                       0x080034b4   Section        0  stm32g0xx_hal_uart.o(.text.UART_RxISR_16BIT)
    UART_RxISR_16BIT_FIFOEN                  0x0800352d   Thumb Code   312  stm32g0xx_hal_uart.o(.text.UART_RxISR_16BIT_FIFOEN)
    [Anonymous Symbol]                       0x0800352c   Section        0  stm32g0xx_hal_uart.o(.text.UART_RxISR_16BIT_FIFOEN)
    __arm_cp.64_1                            0x08003664   Number         4  stm32g0xx_hal_uart.o(.text.UART_RxISR_16BIT_FIFOEN)
    UART_RxISR_8BIT                          0x08003669   Thumb Code   124  stm32g0xx_hal_uart.o(.text.UART_RxISR_8BIT)
    [Anonymous Symbol]                       0x08003668   Section        0  stm32g0xx_hal_uart.o(.text.UART_RxISR_8BIT)
    UART_RxISR_8BIT_FIFOEN                   0x080036e5   Thumb Code   316  stm32g0xx_hal_uart.o(.text.UART_RxISR_8BIT_FIFOEN)
    [Anonymous Symbol]                       0x080036e4   Section        0  stm32g0xx_hal_uart.o(.text.UART_RxISR_8BIT_FIFOEN)
    __arm_cp.65_0                            0x08003820   Number         4  stm32g0xx_hal_uart.o(.text.UART_RxISR_8BIT_FIFOEN)
    [Anonymous Symbol]                       0x08003824   Section        0  stm32g0xx_hal_uart.o(.text.UART_SetConfig)
    __arm_cp.2_0                             0x08003ac0   Number         4  stm32g0xx_hal_uart.o(.text.UART_SetConfig)
    __arm_cp.2_1                             0x08003ac4   Number         4  stm32g0xx_hal_uart.o(.text.UART_SetConfig)
    __arm_cp.2_2                             0x08003ac8   Number         4  stm32g0xx_hal_uart.o(.text.UART_SetConfig)
    __arm_cp.2_3                             0x08003acc   Number         4  stm32g0xx_hal_uart.o(.text.UART_SetConfig)
    __arm_cp.2_4                             0x08003ad0   Number         4  stm32g0xx_hal_uart.o(.text.UART_SetConfig)
    __arm_cp.2_5                             0x08003ad4   Number         4  stm32g0xx_hal_uart.o(.text.UART_SetConfig)
    __arm_cp.2_6                             0x08003ad8   Number         4  stm32g0xx_hal_uart.o(.text.UART_SetConfig)
    __arm_cp.2_7                             0x08003adc   Number         4  stm32g0xx_hal_uart.o(.text.UART_SetConfig)
    __arm_cp.2_8                             0x08003ae0   Number         4  stm32g0xx_hal_uart.o(.text.UART_SetConfig)
    __arm_cp.2_9                             0x08003ae4   Number         4  stm32g0xx_hal_uart.o(.text.UART_SetConfig)
    __arm_cp.2_10                            0x08003ae8   Number         4  stm32g0xx_hal_uart.o(.text.UART_SetConfig)
    __arm_cp.2_11                            0x08003aec   Number         4  stm32g0xx_hal_uart.o(.text.UART_SetConfig)
    __arm_cp.2_12                            0x08003af0   Number         4  stm32g0xx_hal_uart.o(.text.UART_SetConfig)
    __arm_cp.2_13                            0x08003af4   Number         4  stm32g0xx_hal_uart.o(.text.UART_SetConfig)
    __arm_cp.2_15                            0x08003b08   Number         4  stm32g0xx_hal_uart.o(.text.UART_SetConfig)
    __arm_cp.2_16                            0x08003b0c   Number         4  stm32g0xx_hal_uart.o(.text.UART_SetConfig)
    __arm_cp.2_17                            0x08003b10   Number         4  stm32g0xx_hal_uart.o(.text.UART_SetConfig)
    __arm_cp.2_18                            0x08003b14   Number         4  stm32g0xx_hal_uart.o(.text.UART_SetConfig)
    __arm_cp.2_19                            0x08003b18   Number         4  stm32g0xx_hal_uart.o(.text.UART_SetConfig)
    __arm_cp.2_20                            0x08003b1c   Number         4  stm32g0xx_hal_uart.o(.text.UART_SetConfig)
    [Anonymous Symbol]                       0x08003b20   Section        0  stm32g0xx_hal_uart.o(.text.UART_Start_Receive_IT)
    __arm_cp.19_0                            0x08003bf0   Number         4  stm32g0xx_hal_uart.o(.text.UART_Start_Receive_IT)
    __arm_cp.19_1                            0x08003bf4   Number         4  stm32g0xx_hal_uart.o(.text.UART_Start_Receive_IT)
    __arm_cp.19_2                            0x08003bf8   Number         4  stm32g0xx_hal_uart.o(.text.UART_Start_Receive_IT)
    __arm_cp.19_3                            0x08003bfc   Number         4  stm32g0xx_hal_uart.o(.text.UART_Start_Receive_IT)
    __arm_cp.19_4                            0x08003c00   Number         4  stm32g0xx_hal_uart.o(.text.UART_Start_Receive_IT)
    [Anonymous Symbol]                       0x08003c04   Section        0  stm32g0xx_hal_uart.o(.text.UART_WaitOnFlagUntilTimeout)
    [Anonymous Symbol]                       0x08003cb8   Section        0  stm32g0xx_it.o(.text.USART1_IRQHandler)
    __NVIC_DisableIRQ                        0x08003cc5   Thumb Code    28  stm32g0xx_hal_cortex.o(.text.__NVIC_DisableIRQ)
    [Anonymous Symbol]                       0x08003cc4   Section        0  stm32g0xx_hal_cortex.o(.text.__NVIC_DisableIRQ)
    __arm_cp.5_0                             0x08003ce0   Number         4  stm32g0xx_hal_cortex.o(.text.__NVIC_DisableIRQ)
    __NVIC_EnableIRQ                         0x08003ce5   Thumb Code    20  stm32g0xx_hal_cortex.o(.text.__NVIC_EnableIRQ)
    [Anonymous Symbol]                       0x08003ce4   Section        0  stm32g0xx_hal_cortex.o(.text.__NVIC_EnableIRQ)
    __arm_cp.3_0                             0x08003cf8   Number         4  stm32g0xx_hal_cortex.o(.text.__NVIC_EnableIRQ)
    __NVIC_SetPriority                       0x08003cfd   Thumb Code    56  stm32g0xx_hal_cortex.o(.text.__NVIC_SetPriority)
    [Anonymous Symbol]                       0x08003cfc   Section        0  stm32g0xx_hal_cortex.o(.text.__NVIC_SetPriority)
    __arm_cp.1_0                             0x08003d34   Number         4  stm32g0xx_hal_cortex.o(.text.__NVIC_SetPriority)
    __arm_cp.1_1                             0x08003d38   Number         4  stm32g0xx_hal_cortex.o(.text.__NVIC_SetPriority)
    [Anonymous Symbol]                       0x08003d3c   Section        0  debug.o(.text.fputc)
    [Anonymous Symbol]                       0x08003d54   Section        0  main.o(.text.main)
    __arm_cp.0_0                             0x08003e0c   Number         4  main.o(.text.main)
    __arm_cp.0_1                             0x08003e10   Number         4  main.o(.text.main)
    __arm_cp.0_2                             0x08003e14   Number         4  main.o(.text.main)
    __arm_cp.0_3                             0x08003e18   Number         4  main.o(.text.main)
    __arm_cp.0_4                             0x08003e1c   Number         4  main.o(.text.main)
    __arm_cp.0_5                             0x08003e20   Number         4  main.o(.text.main)
    __arm_cp.0_6                             0x08003e24   Number         4  main.o(.text.main)
    __arm_cp.0_7                             0x08003e28   Number         4  main.o(.text.main)
    __arm_cp.0_8                             0x08003e2c   Number         4  main.o(.text.main)
    __arm_cp.0_11                            0x08003e4c   Number         4  main.o(.text.main)
    __arm_cp.0_12                            0x08003e50   Number         4  main.o(.text.main)
    [Anonymous Symbol]                       0x08003e54   Section        0  debug.o(.text.os_time_get)
    i.__0printf$6                            0x08003e5c   Section        0  printf6.o(i.__0printf$6)
    i.__ARM_clz                              0x08003e7c   Section        0  depilogue.o(i.__ARM_clz)
    i.__scatterload_copy                     0x08003eaa   Section       14  handlers.o(i.__scatterload_copy)
    i.__scatterload_null                     0x08003eb8   Section        2  handlers.o(i.__scatterload_null)
    i.__scatterload_zeroinit                 0x08003eba   Section       14  handlers.o(i.__scatterload_zeroinit)
    i._is_digit                              0x08003ec8   Section        0  scanf_fp.o(i._is_digit)
    _printf_core                             0x08003ed9   Thumb Code   768  printf6.o(i._printf_core)
    i._printf_core                           0x08003ed8   Section        0  printf6.o(i._printf_core)
    _printf_post_padding                     0x080041dd   Thumb Code    32  printf6.o(i._printf_post_padding)
    i._printf_post_padding                   0x080041dc   Section        0  printf6.o(i._printf_post_padding)
    _printf_pre_padding                      0x080041fd   Thumb Code    44  printf6.o(i._printf_pre_padding)
    i._printf_pre_padding                    0x080041fc   Section        0  printf6.o(i._printf_pre_padding)
    i.puts                                   0x08004228   Section        0  puts.o(i.puts)
    .constdata                               0x08004248   Section       64  ctype_c.o(.constdata)
    [Anonymous Symbol]                       0x08004300   Section        0  stm32g0xx_hal_uart_ex.o(.rodata.cst8)
    [Anonymous Symbol]                       0x08004310   Section        0  main.o(.rodata.str1.1)
    [Anonymous Symbol]                       0x0800431e   Section        0  powermanagement.o(.rodata.str1.1)
    .data                                    0x20000000   Section        4  stdout.o(.data)
    count                                    0x20000420   Data           4  debug.o(.bss.count)
    [Anonymous Symbol]                       0x20000420   Section        0  debug.o(.bss.count)
    STACK                                    0x200004d0   Section     1024  startup_stm32g0b1xx.o(STACK)

    Global Symbols

    Symbol Name                              Value     Ov Type        Size  Object(Section)

    BuildAttributes$$THM_ISAv3M$S$PE$A:L22$X:L11$S22$IEEE1$IW$~IW$USESV6$~STKCKD$USESV7$~SHL$OTIME$ROPI$EBA8$MICROLIB$REQ8$PRES8$EABIv2 0x00000000   Number         0  anon$$obj.o ABSOLUTE
    _printf_a                                0x00000000   Number         0  printfstubs.o ABSOLUTE
    _printf_c                                0x00000000   Number         0  printfstubs.o ABSOLUTE
    _printf_charcount                        0x00000000   Number         0  printfstubs.o ABSOLUTE
    _printf_d                                0x00000000   Number         0  printfstubs.o ABSOLUTE
    _printf_e                                0x00000000   Number         0  printfstubs.o ABSOLUTE
    _printf_f                                0x00000000   Number         0  printfstubs.o ABSOLUTE
    _printf_flags                            0x00000000   Number         0  printfstubs.o ABSOLUTE
    _printf_fp_dec                           0x00000000   Number         0  printfstubs.o ABSOLUTE
    _printf_fp_hex                           0x00000000   Number         0  printfstubs.o ABSOLUTE
    _printf_g                                0x00000000   Number         0  printfstubs.o ABSOLUTE
    _printf_i                                0x00000000   Number         0  printfstubs.o ABSOLUTE
    _printf_int_dec                          0x00000000   Number         0  printfstubs.o ABSOLUTE
    _printf_l                                0x00000000   Number         0  printfstubs.o ABSOLUTE
    _printf_lc                               0x00000000   Number         0  printfstubs.o ABSOLUTE
    _printf_ll                               0x00000000   Number         0  printfstubs.o ABSOLUTE
    _printf_lld                              0x00000000   Number         0  printfstubs.o ABSOLUTE
    _printf_lli                              0x00000000   Number         0  printfstubs.o ABSOLUTE
    _printf_llo                              0x00000000   Number         0  printfstubs.o ABSOLUTE
    _printf_llu                              0x00000000   Number         0  printfstubs.o ABSOLUTE
    _printf_llx                              0x00000000   Number         0  printfstubs.o ABSOLUTE
    _printf_longlong_dec                     0x00000000   Number         0  printfstubs.o ABSOLUTE
    _printf_longlong_hex                     0x00000000   Number         0  printfstubs.o ABSOLUTE
    _printf_longlong_oct                     0x00000000   Number         0  printfstubs.o ABSOLUTE
    _printf_ls                               0x00000000   Number         0  printfstubs.o ABSOLUTE
    _printf_mbtowc                           0x00000000   Number         0  printfstubs.o ABSOLUTE
    _printf_n                                0x00000000   Number         0  printfstubs.o ABSOLUTE
    _printf_o                                0x00000000   Number         0  printfstubs.o ABSOLUTE
    _printf_p                                0x00000000   Number         0  printfstubs.o ABSOLUTE
    _printf_percent                          0x00000000   Number         0  printfstubs.o ABSOLUTE
    _printf_pre_padding                      0x00000000   Number         0  printfstubs.o ABSOLUTE
    _printf_return_value                     0x00000000   Number         0  printfstubs.o ABSOLUTE
    _printf_s                                0x00000000   Number         0  printfstubs.o ABSOLUTE
    _printf_sizespec                         0x00000000   Number         0  printfstubs.o ABSOLUTE
    _printf_str                              0x00000000   Number         0  printfstubs.o ABSOLUTE
    _printf_truncate_signed                  0x00000000   Number         0  printfstubs.o ABSOLUTE
    _printf_truncate_unsigned                0x00000000   Number         0  printfstubs.o ABSOLUTE
    _printf_u                                0x00000000   Number         0  printfstubs.o ABSOLUTE
    _printf_wc                               0x00000000   Number         0  printfstubs.o ABSOLUTE
    _printf_wctomb                           0x00000000   Number         0  printfstubs.o ABSOLUTE
    _printf_widthprec                        0x00000000   Number         0  printfstubs.o ABSOLUTE
    _printf_x                                0x00000000   Number         0  printfstubs.o ABSOLUTE
    _scanf_mbtowc                            0x00000000   Number         0  scanfstubs.o ABSOLUTE
    _scanf_wctomb                            0x00000000   Number         0  scanfstubs.o ABSOLUTE
    _scanf_wstring                           0x00000000   Number         0  scanfstubs.o ABSOLUTE
    __cpp_initialize__aeabi_                  - Undefined Weak Reference
    __cxa_finalize                            - Undefined Weak Reference
    __decompress                              - Undefined Weak Reference
    _clock_init                               - Undefined Weak Reference
    _microlib_exit                            - Undefined Weak Reference
    __Vectors_Size                           0x000000bc   Number         0  startup_stm32g0b1xx.o ABSOLUTE
    __Vectors                                0x08000000   Data           4  startup_stm32g0b1xx.o(RESET)
    __Vectors_End                            0x080000bc   Data           0  startup_stm32g0b1xx.o(RESET)
    __main                                   0x080000bd   Thumb Code     0  entry.o(.ARM.Collect$$$$00000000)
    _main_stk                                0x080000bd   Thumb Code     0  entry2.o(.ARM.Collect$$$$00000001)
    _main_scatterload                        0x080000c1   Thumb Code     0  entry5.o(.ARM.Collect$$$$00000004)
    __main_after_scatterload                 0x080000c5   Thumb Code     0  entry5.o(.ARM.Collect$$$$00000004)
    _main_clock                              0x080000c5   Thumb Code     0  entry7b.o(.ARM.Collect$$$$00000008)
    _main_cpp_init                           0x080000c5   Thumb Code     0  entry8b.o(.ARM.Collect$$$$0000000A)
    _main_init                               0x080000c5   Thumb Code     0  entry9a.o(.ARM.Collect$$$$0000000B)
    __rt_final_cpp                           0x080000cd   Thumb Code     0  entry10a.o(.ARM.Collect$$$$0000000D)
    __rt_final_exit                          0x080000cd   Thumb Code     0  entry11a.o(.ARM.Collect$$$$0000000F)
    Reset_Handler                            0x080000d1   Thumb Code     8  startup_stm32g0b1xx.o(.text)
    ADC1_COMP_IRQHandler                     0x080000e3   Thumb Code     0  startup_stm32g0b1xx.o(.text)
    CEC_IRQHandler                           0x080000e3   Thumb Code     0  startup_stm32g0b1xx.o(.text)
    DMA1_Ch4_7_DMA2_Ch1_5_DMAMUX1_OVR_IRQHandler 0x080000e3   Thumb Code     0  startup_stm32g0b1xx.o(.text)
    DMA1_Channel1_IRQHandler                 0x080000e3   Thumb Code     0  startup_stm32g0b1xx.o(.text)
    DMA1_Channel2_3_IRQHandler               0x080000e3   Thumb Code     0  startup_stm32g0b1xx.o(.text)
    EXTI0_1_IRQHandler                       0x080000e3   Thumb Code     0  startup_stm32g0b1xx.o(.text)
    FLASH_IRQHandler                         0x080000e3   Thumb Code     0  startup_stm32g0b1xx.o(.text)
    I2C1_IRQHandler                          0x080000e3   Thumb Code     0  startup_stm32g0b1xx.o(.text)
    I2C2_3_IRQHandler                        0x080000e3   Thumb Code     0  startup_stm32g0b1xx.o(.text)
    PVD_VDDIO2_IRQHandler                    0x080000e3   Thumb Code     0  startup_stm32g0b1xx.o(.text)
    RCC_CRS_IRQHandler                       0x080000e3   Thumb Code     0  startup_stm32g0b1xx.o(.text)
    RTC_TAMP_IRQHandler                      0x080000e3   Thumb Code     0  startup_stm32g0b1xx.o(.text)
    SPI1_IRQHandler                          0x080000e3   Thumb Code     0  startup_stm32g0b1xx.o(.text)
    SPI2_3_IRQHandler                        0x080000e3   Thumb Code     0  startup_stm32g0b1xx.o(.text)
    TIM14_IRQHandler                         0x080000e3   Thumb Code     0  startup_stm32g0b1xx.o(.text)
    TIM15_IRQHandler                         0x080000e3   Thumb Code     0  startup_stm32g0b1xx.o(.text)
    TIM16_FDCAN_IT0_IRQHandler               0x080000e3   Thumb Code     0  startup_stm32g0b1xx.o(.text)
    TIM17_FDCAN_IT1_IRQHandler               0x080000e3   Thumb Code     0  startup_stm32g0b1xx.o(.text)
    TIM1_BRK_UP_TRG_COM_IRQHandler           0x080000e3   Thumb Code     0  startup_stm32g0b1xx.o(.text)
    TIM1_CC_IRQHandler                       0x080000e3   Thumb Code     0  startup_stm32g0b1xx.o(.text)
    TIM2_IRQHandler                          0x080000e3   Thumb Code     0  startup_stm32g0b1xx.o(.text)
    TIM3_TIM4_IRQHandler                     0x080000e3   Thumb Code     0  startup_stm32g0b1xx.o(.text)
    TIM6_DAC_LPTIM1_IRQHandler               0x080000e3   Thumb Code     0  startup_stm32g0b1xx.o(.text)
    TIM7_LPTIM2_IRQHandler                   0x080000e3   Thumb Code     0  startup_stm32g0b1xx.o(.text)
    USART2_LPUART2_IRQHandler                0x080000e3   Thumb Code     0  startup_stm32g0b1xx.o(.text)
    USART3_4_5_6_LPUART1_IRQHandler          0x080000e3   Thumb Code     0  startup_stm32g0b1xx.o(.text)
    USB_UCPD1_2_IRQHandler                   0x080000e3   Thumb Code     0  startup_stm32g0b1xx.o(.text)
    WWDG_IRQHandler                          0x080000e3   Thumb Code     0  startup_stm32g0b1xx.o(.text)
    __aeabi_uldivmod                         0x080000ed   Thumb Code    96  uldiv.o(.text)
    __aeabi_memset                           0x0800014d   Thumb Code    14  memseta.o(.text)
    __aeabi_memset4                          0x0800014d   Thumb Code     0  memseta.o(.text)
    __aeabi_memset8                          0x0800014d   Thumb Code     0  memseta.o(.text)
    __aeabi_memclr                           0x0800015b   Thumb Code     4  memseta.o(.text)
    __aeabi_memclr4                          0x0800015b   Thumb Code     0  memseta.o(.text)
    __aeabi_memclr8                          0x0800015b   Thumb Code     0  memseta.o(.text)
    _memset$wrapper                          0x0800015f   Thumb Code    18  memseta.o(.text)
    strchr                                   0x08000171   Thumb Code    20  strchr.o(.text)
    strlen                                   0x08000185   Thumb Code    14  strlen.o(.text)
    sscanf                                   0x08000195   Thumb Code    50  sscanf.o(.text)
    _scanf_int                               0x080001d1   Thumb Code   330  _scanf_int.o(.text)
    __aeabi_uidiv                            0x0800031b   Thumb Code     0  uidiv_div0.o(.text)
    __aeabi_uidivmod                         0x0800031b   Thumb Code    62  uidiv_div0.o(.text)
    __aeabi_llsl                             0x08000359   Thumb Code    32  llshl.o(.text)
    _ll_shift_l                              0x08000359   Thumb Code     0  llshl.o(.text)
    __aeabi_llsr                             0x08000379   Thumb Code    34  llushr.o(.text)
    _ll_ushift_r                             0x08000379   Thumb Code     0  llushr.o(.text)
    _chval                                   0x0800039b   Thumb Code    30  _chval.o(.text)
    _scanf_longlong                          0x080003b9   Thumb Code   330  _scanf_longlong.o(.text)
    _scanf_string                            0x08000503   Thumb Code   232  _scanf_str.o(.text)
    _scanf_real                              0x0800070b   Thumb Code     0  scanf_fp.o(.text)
    _scanf_really_real                       0x0800070b   Thumb Code   584  scanf_fp.o(.text)
    __vfscanf_char                           0x0800096d   Thumb Code    24  scanf_char.o(.text)
    _sgetc                                   0x0800098d   Thumb Code    32  _sgetc.o(.text)
    _sbackspace                              0x080009ad   Thumb Code    36  _sgetc.o(.text)
    __I$use$fp                               0x080009d1   Thumb Code     0  iusefp.o(.text)
    __aeabi_dmul                             0x080009d1   Thumb Code   202  dmul.o(.text)
    __aeabi_ddiv                             0x08000aa1   Thumb Code   234  ddiv.o(.text)
    __scatterload                            0x08000b91   Thumb Code    28  init.o(.text)
    __scatterload_rt2                        0x08000b91   Thumb Code     0  init.o(.text)
    __aeabi_lmul                             0x08000bb5   Thumb Code    48  llmul.o(.text)
    _ll_mul                                  0x08000bb5   Thumb Code     0  llmul.o(.text)
    isspace                                  0x08000be5   Thumb Code    14  isspace_c.o(.text)
    __vfscanf                                0x08000bf5   Thumb Code   812  _scanf.o(.text)
    _double_round                            0x08000f2d   Thumb Code    26  depilogue.o(.text)
    _double_epilogue                         0x08000f47   Thumb Code   164  depilogue.o(.text)
    __aeabi_ul2d                             0x08000fed   Thumb Code    22  dfltul.o(.text)
    __aeabi_d2f                              0x08001009   Thumb Code    56  d2f.o(.text)
    __ctype_lookup                           0x08001041   Thumb Code    32  ctype_c.o(.text)
    _float_round                             0x08001065   Thumb Code    16  fepilogue.o(.text)
    _float_epilogue                          0x08001075   Thumb Code   114  fepilogue.o(.text)
    EXTI2_3_IRQHandler                       0x08001289   Thumb Code    10  stm32g0xx_it.o(.text.EXTI2_3_IRQHandler)
    EXTI4_15_IRQHandler                      0x08001293   Thumb Code    18  stm32g0xx_it.o(.text.EXTI4_15_IRQHandler)
    Error_Handler                            0x080012c5   Thumb Code     8  main.o(.text.Error_Handler)
    HAL_DMA_Abort                            0x08001455   Thumb Code   104  stm32g0xx_hal_dma.o(.text.HAL_DMA_Abort)
    HAL_DMA_Abort_IT                         0x080014bd   Thumb Code   108  stm32g0xx_hal_dma.o(.text.HAL_DMA_Abort_IT)
    HAL_Delay                                0x0800152d   Thumb Code    32  stm32g0xx_hal.o(.text.HAL_Delay)
    HAL_GPIO_DeInit                          0x08001551   Thumb Code   240  stm32g0xx_hal_gpio.o(.text.HAL_GPIO_DeInit)
    HAL_GPIO_EXTI_Falling_Callback           0x08001641   Thumb Code   192  main.o(.text.HAL_GPIO_EXTI_Falling_Callback)
    HAL_GPIO_EXTI_IRQHandler                 0x08001731   Thumb Code    36  stm32g0xx_hal_gpio.o(.text.HAL_GPIO_EXTI_IRQHandler)
    HAL_GPIO_EXTI_Rising_Callback            0x08001759   Thumb Code     2  stm32g0xx_hal_gpio.o(.text.HAL_GPIO_EXTI_Rising_Callback)
    HAL_GPIO_Init                            0x0800175d   Thumb Code   368  stm32g0xx_hal_gpio.o(.text.HAL_GPIO_Init)
    HAL_GPIO_TogglePin                       0x080018dd   Thumb Code    16  stm32g0xx_hal_gpio.o(.text.HAL_GPIO_TogglePin)
    HAL_GPIO_WritePin                        0x080018ed   Thumb Code    16  stm32g0xx_hal_gpio.o(.text.HAL_GPIO_WritePin)
    HAL_GetTick                              0x080018fd   Thumb Code     8  stm32g0xx_hal.o(.text.HAL_GetTick)
    HAL_IWDG_Init                            0x08001905   Thumb Code    80  stm32g0xx_hal_iwdg.o(.text.HAL_IWDG_Init)
    HAL_IWDG_Refresh                         0x0800195d   Thumb Code    12  stm32g0xx_hal_iwdg.o(.text.HAL_IWDG_Refresh)
    HAL_IncTick                              0x0800196d   Thumb Code    16  stm32g0xx_hal.o(.text.HAL_IncTick)
    HAL_Init                                 0x08001981   Thumb Code    40  stm32g0xx_hal.o(.text.HAL_Init)
    HAL_InitTick                             0x080019ad   Thumb Code    64  stm32g0xx_hal.o(.text.HAL_InitTick)
    HAL_MspInit                              0x080019f5   Thumb Code    52  stm32g0xx_hal_msp.o(.text.HAL_MspInit)
    HAL_NVIC_DisableIRQ                      0x08001a2d   Thumb Code     8  stm32g0xx_hal_cortex.o(.text.HAL_NVIC_DisableIRQ)
    HAL_NVIC_EnableIRQ                       0x08001a35   Thumb Code     8  stm32g0xx_hal_cortex.o(.text.HAL_NVIC_EnableIRQ)
    HAL_NVIC_SetPriority                     0x08001a3d   Thumb Code     8  stm32g0xx_hal_cortex.o(.text.HAL_NVIC_SetPriority)
    HAL_PWREx_ControlVoltageScaling          0x08001a45   Thumb Code    72  stm32g0xx_hal_pwr_ex.o(.text.HAL_PWREx_ControlVoltageScaling)
    HAL_PWREx_DisableLowPowerRunMode         0x08001a8d   Thumb Code    60  stm32g0xx_hal_pwr_ex.o(.text.HAL_PWREx_DisableLowPowerRunMode)
    HAL_PWREx_EnableLowPowerRunMode          0x08001ad1   Thumb Code    16  stm32g0xx_hal_pwr_ex.o(.text.HAL_PWREx_EnableLowPowerRunMode)
    HAL_PWREx_EnterSHUTDOWNMode              0x08001ae1   Thumb Code    28  stm32g0xx_hal_pwr_ex.o(.text.HAL_PWREx_EnterSHUTDOWNMode)
    HAL_PWR_EnterSLEEPMode                   0x08001afd   Thumb Code    68  stm32g0xx_hal_pwr.o(.text.HAL_PWR_EnterSLEEPMode)
    HAL_PWR_EnterSTANDBYMode                 0x08001b45   Thumb Code    28  stm32g0xx_hal_pwr.o(.text.HAL_PWR_EnterSTANDBYMode)
    HAL_PWR_EnterSTOPMode                    0x08001b61   Thumb Code    52  stm32g0xx_hal_pwr.o(.text.HAL_PWR_EnterSTOPMode)
    HAL_RCCEx_PeriphCLKConfig                0x08001b9d   Thumb Code   676  stm32g0xx_hal_rcc_ex.o(.text.HAL_RCCEx_PeriphCLKConfig)
    HAL_RCC_ClockConfig                      0x08001e59   Thumb Code   352  stm32g0xx_hal_rcc.o(.text.HAL_RCC_ClockConfig)
    HAL_RCC_GetHCLKFreq                      0x08001fc9   Thumb Code     8  stm32g0xx_hal_rcc.o(.text.HAL_RCC_GetHCLKFreq)
    HAL_RCC_GetPCLK1Freq                     0x08001fd5   Thumb Code    32  stm32g0xx_hal_rcc.o(.text.HAL_RCC_GetPCLK1Freq)
    HAL_RCC_GetSysClockFreq                  0x08001ff9   Thumb Code   124  stm32g0xx_hal_rcc.o(.text.HAL_RCC_GetSysClockFreq)
    HAL_RCC_OscConfig                        0x08002081   Thumb Code  1152  stm32g0xx_hal_rcc.o(.text.HAL_RCC_OscConfig)
    HAL_ResumeTick                           0x0800251d   Thumb Code    12  stm32g0xx_hal.o(.text.HAL_ResumeTick)
    HAL_SYSCFG_StrobeDBattpinsConfig         0x08002529   Thumb Code    16  stm32g0xx_hal.o(.text.HAL_SYSCFG_StrobeDBattpinsConfig)
    HAL_SYSTICK_Config                       0x0800253d   Thumb Code     8  stm32g0xx_hal_cortex.o(.text.HAL_SYSTICK_Config)
    HAL_SuspendTick                          0x08002545   Thumb Code    12  stm32g0xx_hal.o(.text.HAL_SuspendTick)
    HAL_UARTEx_DisableFifoMode               0x08002555   Thumb Code    54  stm32g0xx_hal_uart_ex.o(.text.HAL_UARTEx_DisableFifoMode)
    HAL_UARTEx_RxEventCallback               0x0800258b   Thumb Code     2  stm32g0xx_hal_uart.o(.text.HAL_UARTEx_RxEventCallback)
    HAL_UARTEx_RxFifoFullCallback            0x0800258d   Thumb Code     2  stm32g0xx_hal_uart_ex.o(.text.HAL_UARTEx_RxFifoFullCallback)
    HAL_UARTEx_SetRxFifoThreshold            0x0800258f   Thumb Code    70  stm32g0xx_hal_uart_ex.o(.text.HAL_UARTEx_SetRxFifoThreshold)
    HAL_UARTEx_SetTxFifoThreshold            0x080025d5   Thumb Code    70  stm32g0xx_hal_uart_ex.o(.text.HAL_UARTEx_SetTxFifoThreshold)
    HAL_UARTEx_TxFifoEmptyCallback           0x0800261b   Thumb Code     2  stm32g0xx_hal_uart_ex.o(.text.HAL_UARTEx_TxFifoEmptyCallback)
    HAL_UARTEx_WakeupCallback                0x0800261d   Thumb Code     2  stm32g0xx_hal_uart_ex.o(.text.HAL_UARTEx_WakeupCallback)
    HAL_UART_DeInit                          0x0800261f   Thumb Code    58  stm32g0xx_hal_uart.o(.text.HAL_UART_DeInit)
    HAL_UART_ErrorCallback                   0x08002659   Thumb Code     2  stm32g0xx_hal_uart.o(.text.HAL_UART_ErrorCallback)
    HAL_UART_IRQHandler                      0x0800265d   Thumb Code   644  stm32g0xx_hal_uart.o(.text.HAL_UART_IRQHandler)
    HAL_UART_Init                            0x080028f1   Thumb Code   108  stm32g0xx_hal_uart.o(.text.HAL_UART_Init)
    HAL_UART_MspDeInit                       0x0800295d   Thumb Code    44  usart.o(.text.HAL_UART_MspDeInit)
    HAL_UART_MspInit                         0x0800298d   Thumb Code   112  usart.o(.text.HAL_UART_MspInit)
    HAL_UART_Receive_IT                      0x08002a01   Thumb Code    76  stm32g0xx_hal_uart.o(.text.HAL_UART_Receive_IT)
    HAL_UART_RxCpltCallback                  0x08002a4d   Thumb Code    68  debug.o(.text.HAL_UART_RxCpltCallback)
    HAL_UART_Transmit                        0x08002aa1   Thumb Code   252  stm32g0xx_hal_uart.o(.text.HAL_UART_Transmit)
    HAL_UART_TxCpltCallback                  0x08002ba1   Thumb Code     2  stm32g0xx_hal_uart.o(.text.HAL_UART_TxCpltCallback)
    HardFault_Handler                        0x08002ba3   Thumb Code     2  stm32g0xx_it.o(.text.HardFault_Handler)
    MX_GPIO_Init                             0x08002cc9   Thumb Code   220  gpio.o(.text.MX_GPIO_Init)
    MX_IWDG_Init                             0x08002db9   Thumb Code    32  iwdg.o(.text.MX_IWDG_Init)
    MX_USART1_UART_Init                      0x08002de5   Thumb Code    96  usart.o(.text.MX_USART1_UART_Init)
    NMI_Handler                              0x08002e4d   Thumb Code     2  stm32g0xx_it.o(.text.NMI_Handler)
    PendSV_Handler                           0x08002f7d   Thumb Code     2  stm32g0xx_it.o(.text.PendSV_Handler)
    SVC_Handler                              0x08002f7f   Thumb Code     2  stm32g0xx_it.o(.text.SVC_Handler)
    SysTick_Handler                          0x08002fa9   Thumb Code     8  stm32g0xx_it.o(.text.SysTick_Handler)
    SystemClock_Config                       0x08002fb1   Thumb Code   132  main.o(.text.SystemClock_Config)
    SystemEnterLowerPower                    0x08003035   Thumb Code   472  powermanagement.o(.text.SystemEnterLowerPower)
    SystemInit                               0x080032b5   Thumb Code    12  system_stm32g0xx.o(.text.SystemInit)
    UART_AdvFeatureConfig                    0x0800330d   Thumb Code   210  stm32g0xx_hal_uart.o(.text.UART_AdvFeatureConfig)
    UART_CheckIdleState                      0x080033e1   Thumb Code   108  stm32g0xx_hal_uart.o(.text.UART_CheckIdleState)
    UART_SetConfig                           0x08003825   Thumb Code   668  stm32g0xx_hal_uart.o(.text.UART_SetConfig)
    UART_Start_Receive_IT                    0x08003b21   Thumb Code   208  stm32g0xx_hal_uart.o(.text.UART_Start_Receive_IT)
    UART_WaitOnFlagUntilTimeout              0x08003c05   Thumb Code   180  stm32g0xx_hal_uart.o(.text.UART_WaitOnFlagUntilTimeout)
    USART1_IRQHandler                        0x08003cb9   Thumb Code    12  stm32g0xx_it.o(.text.USART1_IRQHandler)
    fputc                                    0x08003d3d   Thumb Code    24  debug.o(.text.fputc)
    main                                     0x08003d55   Thumb Code   184  main.o(.text.main)
    os_time_get                              0x08003e55   Thumb Code     8  debug.o(.text.os_time_get)
    __0printf$6                              0x08003e5d   Thumb Code    24  printf6.o(i.__0printf$6)
    __1printf$6                              0x08003e5d   Thumb Code     0  printf6.o(i.__0printf$6)
    __2printf                                0x08003e5d   Thumb Code     0  printf6.o(i.__0printf$6)
    __ARM_clz                                0x08003e7d   Thumb Code    46  depilogue.o(i.__ARM_clz)
    __scatterload_copy                       0x08003eab   Thumb Code    14  handlers.o(i.__scatterload_copy)
    __scatterload_null                       0x08003eb9   Thumb Code     2  handlers.o(i.__scatterload_null)
    __scatterload_zeroinit                   0x08003ebb   Thumb Code    14  handlers.o(i.__scatterload_zeroinit)
    _is_digit                                0x08003ec9   Thumb Code    14  scanf_fp.o(i._is_digit)
    puts                                     0x08004229   Thumb Code    28  puts.o(i.puts)
    __ctype_categories                       0x08004248   Data          64  ctype_c.o(.constdata)
    AHBPrescTable                            0x08004288   Data          64  system_stm32g0xx.o(.rodata.AHBPrescTable)
    APBPrescTable                            0x080042c8   Data          32  system_stm32g0xx.o(.rodata.APBPrescTable)
    UARTPrescTable                           0x080042e8   Data          24  stm32g0xx_hal_uart.o(.rodata.UARTPrescTable)
    Region$$Table$$Base                      0x0800437c   Number         0  anon$$obj.o(Region$$Table)
    Region$$Table$$Limit                     0x0800439c   Number         0  anon$$obj.o(Region$$Table)
    __stdout                                 0x20000000   Data           4  stdout.o(.data)
    SystemCoreClock                          0x20000004   Data           4  system_stm32g0xx.o(.data.SystemCoreClock)
    dbg_level                                0x20000008   Data           4  debug.o(.data.dbg_level)
    uwTickFreq                               0x2000000c   Data           1  stm32g0xx_hal.o(.data.uwTickFreq)
    uwTickPrio                               0x20000010   Data           4  stm32g0xx_hal.o(.data.uwTickPrio)
    wakeFlag                                 0x20000014   Data          12  powermanagement.o(.data.wakeFlag)
    DataRxBuffer                             0x20000020   Data        1024  debug.o(.bss.DataRxBuffer)
    dbg_rxdata                               0x20000424   Data           1  debug.o(.bss.dbg_rxdata)
    hiwdg                                    0x20000428   Data          16  iwdg.o(.bss.hiwdg)
    huart1                                   0x20000438   Data         144  usart.o(.bss.huart1)
    uwTick                                   0x200004c8   Data           4  stm32g0xx_hal.o(.bss.uwTick)
    __initial_sp                             0x200008d0   Data           0  startup_stm32g0b1xx.o(STACK)



==============================================================================

Memory Map of the image

  Image Entry point : 0x080000bd

  Load Region LR_IROM1 (Base: 0x08000000, Size: 0x000043c0, Max: 0x00040000, ABSOLUTE)

    Execution Region ER_IROM1 (Exec base: 0x08000000, Load base: 0x08000000, Size: 0x0000439c, Max: 0x00040000, ABSOLUTE)

    Exec Addr    Load Addr    Size         Type   Attr      Idx    E Section Name        Object

    0x08000000   0x08000000   0x000000bc   Data   RO            3    RESET               startup_stm32g0b1xx.o
    0x080000bc   0x080000bc   0x00000000   Code   RO          721  * .ARM.Collect$$$$00000000  mc_p.l(entry.o)
    0x080000bc   0x080000bc   0x00000004   Code   RO          867    .ARM.Collect$$$$00000001  mc_p.l(entry2.o)
    0x080000c0   0x080000c0   0x00000004   Code   RO          870    .ARM.Collect$$$$00000004  mc_p.l(entry5.o)
    0x080000c4   0x080000c4   0x00000000   Code   RO          872    .ARM.Collect$$$$00000008  mc_p.l(entry7b.o)
    0x080000c4   0x080000c4   0x00000000   Code   RO          874    .ARM.Collect$$$$0000000A  mc_p.l(entry8b.o)
    0x080000c4   0x080000c4   0x00000008   Code   RO          875    .ARM.Collect$$$$0000000B  mc_p.l(entry9a.o)
    0x080000cc   0x080000cc   0x00000000   Code   RO          877    .ARM.Collect$$$$0000000D  mc_p.l(entry10a.o)
    0x080000cc   0x080000cc   0x00000000   Code   RO          879    .ARM.Collect$$$$0000000F  mc_p.l(entry11a.o)
    0x080000cc   0x080000cc   0x00000004   Code   RO          868    .ARM.Collect$$$$00002712  mc_p.l(entry2.o)
    0x080000d0   0x080000d0   0x0000001c   Code   RO            4    .text               startup_stm32g0b1xx.o
    0x080000ec   0x080000ec   0x00000060   Code   RO          729    .text               mc_p.l(uldiv.o)
    0x0800014c   0x0800014c   0x00000024   Code   RO          730    .text               mc_p.l(memseta.o)
    0x08000170   0x08000170   0x00000014   Code   RO          731    .text               mc_p.l(strchr.o)
    0x08000184   0x08000184   0x0000000e   Code   RO          732    .text               mc_p.l(strlen.o)
    0x08000192   0x08000192   0x00000002   PAD
    0x08000194   0x08000194   0x0000003c   Code   RO          864    .text               mc_p.l(sscanf.o)
    0x080001d0   0x080001d0   0x0000014a   Code   RO          866    .text               mc_p.l(_scanf_int.o)
    0x0800031a   0x0800031a   0x0000003e   Code   RO          884    .text               mc_p.l(uidiv_div0.o)
    0x08000358   0x08000358   0x00000020   Code   RO          887    .text               mc_p.l(llshl.o)
    0x08000378   0x08000378   0x00000022   Code   RO          888    .text               mc_p.l(llushr.o)
    0x0800039a   0x0800039a   0x0000001e   Code   RO          889    .text               mc_p.l(_chval.o)
    0x080003b8   0x080003b8   0x0000014a   Code   RO          890    .text               mc_p.l(_scanf_longlong.o)
    0x08000502   0x08000502   0x000000e8   Code   RO          891    .text               mc_p.l(_scanf_str.o)
    0x080005ea   0x080005ea   0x00000002   PAD
    0x080005ec   0x080005ec   0x00000374   Code   RO          892    .text               mc_p.l(scanf_fp.o)
    0x08000960   0x08000960   0x0000002c   Code   RO          895    .text               mc_p.l(scanf_char.o)
    0x0800098c   0x0800098c   0x00000044   Code   RO          896    .text               mc_p.l(_sgetc.o)
    0x080009d0   0x080009d0   0x00000000   Code   RO          897    .text               mc_p.l(iusefp.o)
    0x080009d0   0x080009d0   0x000000d0   Code   RO          899    .text               mf_p.l(dmul.o)
    0x08000aa0   0x08000aa0   0x000000f0   Code   RO          900    .text               mf_p.l(ddiv.o)
    0x08000b90   0x08000b90   0x00000024   Code   RO          903    .text               mc_p.l(init.o)
    0x08000bb4   0x08000bb4   0x00000030   Code   RO          904    .text               mc_p.l(llmul.o)
    0x08000be4   0x08000be4   0x0000000e   Code   RO          906    .text               mc_p.l(isspace_c.o)
    0x08000bf2   0x08000bf2   0x00000002   PAD
    0x08000bf4   0x08000bf4   0x00000338   Code   RO          907    .text               mc_p.l(_scanf.o)
    0x08000f2c   0x08000f2c   0x000000be   Code   RO          908    .text               mf_p.l(depilogue.o)
    0x08000fea   0x08000fea   0x00000002   PAD
    0x08000fec   0x08000fec   0x0000001c   Code   RO          910    .text               mf_p.l(dfltul.o)
    0x08001008   0x08001008   0x00000038   Code   RO          911    .text               mf_p.l(d2f.o)
    0x08001040   0x08001040   0x00000024   Code   RO          912    .text               mc_p.l(ctype_c.o)
    0x08001064   0x08001064   0x00000082   Code   RO          914    .text               mf_p.l(fepilogue.o)
    0x080010e6   0x080010e6   0x00000002   PAD
    0x080010e8   0x080010e8   0x00000144   Code   RO          708    .text.AT_DeviceHandle  debug.o
    0x0800122c   0x0800122c   0x0000005c   Code   RO          699    .text.CAN2_RX_CfgExtiMode  powermanagement.o
    0x08001288   0x08001288   0x0000000a   Code   RO           42    .text.EXTI2_3_IRQHandler  stm32g0xx_it.o
    0x08001292   0x08001292   0x00000012   Code   RO           44    .text.EXTI4_15_IRQHandler  stm32g0xx_it.o
    0x080012a4   0x080012a4   0x00000020   Code   RO          695    .text.EnterSleepMode  powermanagement.o
    0x080012c4   0x080012c4   0x00000008   Code   RO           10    .text.Error_Handler  main.o
    0x080012cc   0x080012cc   0x00000188   Code   RO          697    .text.ExitLowPowerMode  powermanagement.o
    0x08001454   0x08001454   0x00000068   Code   RO          238    .text.HAL_DMA_Abort  stm32g0xx_hal_dma.o
    0x080014bc   0x080014bc   0x00000070   Code   RO          240    .text.HAL_DMA_Abort_IT  stm32g0xx_hal_dma.o
    0x0800152c   0x0800152c   0x00000024   Code   RO          430    .text.HAL_Delay     stm32g0xx_hal.o
    0x08001550   0x08001550   0x000000f0   Code   RO          207    .text.HAL_GPIO_DeInit  stm32g0xx_hal_gpio.o
    0x08001640   0x08001640   0x000000f0   Code   RO           12    .text.HAL_GPIO_EXTI_Falling_Callback  main.o
    0x08001730   0x08001730   0x00000028   Code   RO          217    .text.HAL_GPIO_EXTI_IRQHandler  stm32g0xx_hal_gpio.o
    0x08001758   0x08001758   0x00000002   Code   RO          219    .text.HAL_GPIO_EXTI_Rising_Callback  stm32g0xx_hal_gpio.o
    0x0800175a   0x0800175a   0x00000002   PAD
    0x0800175c   0x0800175c   0x00000180   Code   RO          205    .text.HAL_GPIO_Init  stm32g0xx_hal_gpio.o
    0x080018dc   0x080018dc   0x00000010   Code   RO          213    .text.HAL_GPIO_TogglePin  stm32g0xx_hal_gpio.o
    0x080018ec   0x080018ec   0x00000010   Code   RO          211    .text.HAL_GPIO_WritePin  stm32g0xx_hal_gpio.o
    0x080018fc   0x080018fc   0x00000008   Code   RO          422    .text.HAL_GetTick   stm32g0xx_hal.o
    0x08001904   0x08001904   0x00000058   Code   RO           52    .text.HAL_IWDG_Init  stm32g0xx_hal_iwdg.o
    0x0800195c   0x0800195c   0x00000010   Code   RO           54    .text.HAL_IWDG_Refresh  stm32g0xx_hal_iwdg.o
    0x0800196c   0x0800196c   0x00000014   Code   RO          420    .text.HAL_IncTick   stm32g0xx_hal.o
    0x08001980   0x08001980   0x0000002c   Code   RO          410    .text.HAL_Init      stm32g0xx_hal.o
    0x080019ac   0x080019ac   0x00000048   Code   RO          412    .text.HAL_InitTick  stm32g0xx_hal.o
    0x080019f4   0x080019f4   0x00000038   Code   RO           49    .text.HAL_MspInit   stm32g0xx_hal_msp.o
    0x08001a2c   0x08001a2c   0x00000008   Code   RO          369    .text.HAL_NVIC_DisableIRQ  stm32g0xx_hal_cortex.o
    0x08001a34   0x08001a34   0x00000008   Code   RO          365    .text.HAL_NVIC_EnableIRQ  stm32g0xx_hal_cortex.o
    0x08001a3c   0x08001a3c   0x00000008   Code   RO          361    .text.HAL_NVIC_SetPriority  stm32g0xx_hal_cortex.o
    0x08001a44   0x08001a44   0x00000048   Code   RO          346    .text.HAL_PWREx_ControlVoltageScaling  stm32g0xx_hal_pwr_ex.o
    0x08001a8c   0x08001a8c   0x00000044   Code   RO          350    .text.HAL_PWREx_DisableLowPowerRunMode  stm32g0xx_hal_pwr_ex.o
    0x08001ad0   0x08001ad0   0x00000010   Code   RO          348    .text.HAL_PWREx_EnableLowPowerRunMode  stm32g0xx_hal_pwr_ex.o
    0x08001ae0   0x08001ae0   0x0000001c   Code   RO          352    .text.HAL_PWREx_EnterSHUTDOWNMode  stm32g0xx_hal_pwr_ex.o
    0x08001afc   0x08001afc   0x00000048   Code   RO          277    .text.HAL_PWR_EnterSLEEPMode  stm32g0xx_hal_pwr.o
    0x08001b44   0x08001b44   0x0000001c   Code   RO          281    .text.HAL_PWR_EnterSTANDBYMode  stm32g0xx_hal_pwr.o
    0x08001b60   0x08001b60   0x0000003c   Code   RO          279    .text.HAL_PWR_EnterSTOPMode  stm32g0xx_hal_pwr.o
    0x08001b9c   0x08001b9c   0x000002bc   Code   RO           90    .text.HAL_RCCEx_PeriphCLKConfig  stm32g0xx_hal_rcc_ex.o
    0x08001e58   0x08001e58   0x00000170   Code   RO           61    .text.HAL_RCC_ClockConfig  stm32g0xx_hal_rcc.o
    0x08001fc8   0x08001fc8   0x0000000c   Code   RO           67    .text.HAL_RCC_GetHCLKFreq  stm32g0xx_hal_rcc.o
    0x08001fd4   0x08001fd4   0x00000024   Code   RO           69    .text.HAL_RCC_GetPCLK1Freq  stm32g0xx_hal_rcc.o
    0x08001ff8   0x08001ff8   0x00000088   Code   RO           63    .text.HAL_RCC_GetSysClockFreq  stm32g0xx_hal_rcc.o
    0x08002080   0x08002080   0x0000049c   Code   RO           59    .text.HAL_RCC_OscConfig  stm32g0xx_hal_rcc.o
    0x0800251c   0x0800251c   0x0000000c   Code   RO          434    .text.HAL_ResumeTick  stm32g0xx_hal.o
    0x08002528   0x08002528   0x00000014   Code   RO          478    .text.HAL_SYSCFG_StrobeDBattpinsConfig  stm32g0xx_hal.o
    0x0800253c   0x0800253c   0x00000008   Code   RO          377    .text.HAL_SYSTICK_Config  stm32g0xx_hal_cortex.o
    0x08002544   0x08002544   0x00000010   Code   RO          432    .text.HAL_SuspendTick  stm32g0xx_hal.o
    0x08002554   0x08002554   0x00000036   Code   RO          669    .text.HAL_UARTEx_DisableFifoMode  stm32g0xx_hal_uart_ex.o
    0x0800258a   0x0800258a   0x00000002   Code   RO          599    .text.HAL_UARTEx_RxEventCallback  stm32g0xx_hal_uart.o
    0x0800258c   0x0800258c   0x00000002   Code   RO          651    .text.HAL_UARTEx_RxFifoFullCallback  stm32g0xx_hal_uart_ex.o
    0x0800258e   0x0800258e   0x00000046   Code   RO          673    .text.HAL_UARTEx_SetRxFifoThreshold  stm32g0xx_hal_uart_ex.o
    0x080025d4   0x080025d4   0x00000046   Code   RO          671    .text.HAL_UARTEx_SetTxFifoThreshold  stm32g0xx_hal_uart_ex.o
    0x0800261a   0x0800261a   0x00000002   Code   RO          653    .text.HAL_UARTEx_TxFifoEmptyCallback  stm32g0xx_hal_uart_ex.o
    0x0800261c   0x0800261c   0x00000002   Code   RO          649    .text.HAL_UARTEx_WakeupCallback  stm32g0xx_hal_uart_ex.o
    0x0800261e   0x0800261e   0x0000003a   Code   RO          521    .text.HAL_UART_DeInit  stm32g0xx_hal_uart.o
    0x08002658   0x08002658   0x00000002   Code   RO          597    .text.HAL_UART_ErrorCallback  stm32g0xx_hal_uart.o
    0x0800265a   0x0800265a   0x00000002   PAD
    0x0800265c   0x0800265c   0x00000294   Code   RO          593    .text.HAL_UART_IRQHandler  stm32g0xx_hal_uart.o
    0x080028f0   0x080028f0   0x0000006c   Code   RO          505    .text.HAL_UART_Init  stm32g0xx_hal_uart.o
    0x0800295c   0x0800295c   0x00000030   Code   RO           28    .text.HAL_UART_MspDeInit  usart.o
    0x0800298c   0x0800298c   0x00000074   Code   RO           26    .text.HAL_UART_MspInit  usart.o
    0x08002a00   0x08002a00   0x0000004c   Code   RO          541    .text.HAL_UART_Receive_IT  stm32g0xx_hal_uart.o
    0x08002a4c   0x08002a4c   0x00000054   Code   RO          706    .text.HAL_UART_RxCpltCallback  debug.o
    0x08002aa0   0x08002aa0   0x00000100   Code   RO          525    .text.HAL_UART_Transmit  stm32g0xx_hal_uart.o
    0x08002ba0   0x08002ba0   0x00000002   Code   RO          603    .text.HAL_UART_TxCpltCallback  stm32g0xx_hal_uart.o
    0x08002ba2   0x08002ba2   0x00000002   Code   RO           34    .text.HardFault_Handler  stm32g0xx_it.o
    0x08002ba4   0x08002ba4   0x00000010   Code   RO           71    .text.LL_RCC_GetAPB1Prescaler  stm32g0xx_hal_rcc.o
    0x08002bb4   0x08002bb4   0x00000114   Code   RO          693    .text.LowPowerPreProc  powermanagement.o
    0x08002cc8   0x08002cc8   0x000000f0   Code   RO           17    .text.MX_GPIO_Init  gpio.o
    0x08002db8   0x08002db8   0x0000002c   Code   RO           20    .text.MX_IWDG_Init  iwdg.o
    0x08002de4   0x08002de4   0x00000068   Code   RO           24    .text.MX_USART1_UART_Init  usart.o
    0x08002e4c   0x08002e4c   0x00000002   Code   RO           32    .text.NMI_Handler   stm32g0xx_it.o
    0x08002e4e   0x08002e4e   0x00000002   PAD
    0x08002e50   0x08002e50   0x0000012c   Code   RO          712    .text.OnCfgDebug    debug.o
    0x08002f7c   0x08002f7c   0x00000002   Code   RO           38    .text.PendSV_Handler  stm32g0xx_it.o
    0x08002f7e   0x08002f7e   0x00000002   Code   RO           36    .text.SVC_Handler   stm32g0xx_it.o
    0x08002f80   0x08002f80   0x00000028   Code   RO          379    .text.SysTick_Config  stm32g0xx_hal_cortex.o
    0x08002fa8   0x08002fa8   0x00000008   Code   RO           40    .text.SysTick_Handler  stm32g0xx_it.o
    0x08002fb0   0x08002fb0   0x00000084   Code   RO            8    .text.SystemClock_Config  main.o
    0x08003034   0x08003034   0x00000280   Code   RO          691    .text.SystemEnterLowerPower  powermanagement.o
    0x080032b4   0x080032b4   0x00000010   Code   RO          683    .text.SystemInit    system_stm32g0xx.o
    0x080032c4   0x080032c4   0x00000048   Code   RO          667    .text.UARTEx_SetNbDataToProcess  stm32g0xx_hal_uart_ex.o
    0x0800330c   0x0800330c   0x000000d2   Code   RO          511    .text.UART_AdvFeatureConfig  stm32g0xx_hal_uart.o
    0x080033de   0x080033de   0x00000002   PAD
    0x080033e0   0x080033e0   0x00000070   Code   RO          513    .text.UART_CheckIdleState  stm32g0xx_hal_uart.o
    0x08003450   0x08003450   0x00000016   Code   RO          595    .text.UART_DMAAbortOnError  stm32g0xx_hal_uart.o
    0x08003466   0x08003466   0x00000002   PAD
    0x08003468   0x08003468   0x00000030   Code   RO          565    .text.UART_EndRxTransfer  stm32g0xx_hal_uart.o
    0x08003498   0x08003498   0x0000001c   Code   RO          601    .text.UART_EndTransmit_IT  stm32g0xx_hal_uart.o
    0x080034b4   0x080034b4   0x00000078   Code   RO          637    .text.UART_RxISR_16BIT  stm32g0xx_hal_uart.o
    0x0800352c   0x0800352c   0x0000013c   Code   RO          633    .text.UART_RxISR_16BIT_FIFOEN  stm32g0xx_hal_uart.o
    0x08003668   0x08003668   0x0000007c   Code   RO          639    .text.UART_RxISR_8BIT  stm32g0xx_hal_uart.o
    0x080036e4   0x080036e4   0x00000140   Code   RO          635    .text.UART_RxISR_8BIT_FIFOEN  stm32g0xx_hal_uart.o
    0x08003824   0x08003824   0x000002fc   Code   RO          509    .text.UART_SetConfig  stm32g0xx_hal_uart.o
    0x08003b20   0x08003b20   0x000000e4   Code   RO          543    .text.UART_Start_Receive_IT  stm32g0xx_hal_uart.o
    0x08003c04   0x08003c04   0x000000b4   Code   RO          527    .text.UART_WaitOnFlagUntilTimeout  stm32g0xx_hal_uart.o
    0x08003cb8   0x08003cb8   0x0000000c   Code   RO           46    .text.USART1_IRQHandler  stm32g0xx_it.o
    0x08003cc4   0x08003cc4   0x00000020   Code   RO          371    .text.__NVIC_DisableIRQ  stm32g0xx_hal_cortex.o
    0x08003ce4   0x08003ce4   0x00000018   Code   RO          367    .text.__NVIC_EnableIRQ  stm32g0xx_hal_cortex.o
    0x08003cfc   0x08003cfc   0x00000040   Code   RO          363    .text.__NVIC_SetPriority  stm32g0xx_hal_cortex.o
    0x08003d3c   0x08003d3c   0x00000018   Code   RO          710    .text.fputc         debug.o
    0x08003d54   0x08003d54   0x00000100   Code   RO            6    .text.main          main.o
    0x08003e54   0x08003e54   0x00000008   Code   RO          704    .text.os_time_get   debug.o
    0x08003e5c   0x08003e5c   0x00000020   Code   RO          811    i.__0printf$6       mc_p.l(printf6.o)
    0x08003e7c   0x08003e7c   0x0000002e   Code   RO          909    i.__ARM_clz         mf_p.l(depilogue.o)
    0x08003eaa   0x08003eaa   0x0000000e   Code   RO          917    i.__scatterload_copy  mc_p.l(handlers.o)
    0x08003eb8   0x08003eb8   0x00000002   Code   RO          918    i.__scatterload_null  mc_p.l(handlers.o)
    0x08003eba   0x08003eba   0x0000000e   Code   RO          919    i.__scatterload_zeroinit  mc_p.l(handlers.o)
    0x08003ec8   0x08003ec8   0x0000000e   Code   RO          894    i._is_digit         mc_p.l(scanf_fp.o)
    0x08003ed6   0x08003ed6   0x00000002   PAD
    0x08003ed8   0x08003ed8   0x00000304   Code   RO          818    i._printf_core      mc_p.l(printf6.o)
    0x080041dc   0x080041dc   0x00000020   Code   RO          819    i._printf_post_padding  mc_p.l(printf6.o)
    0x080041fc   0x080041fc   0x0000002c   Code   RO          820    i._printf_pre_padding  mc_p.l(printf6.o)
    0x08004228   0x08004228   0x00000020   Code   RO          724    i.puts              mc_p.l(puts.o)
    0x08004248   0x08004248   0x00000040   Data   RO          913    .constdata          mc_p.l(ctype_c.o)
    0x08004288   0x08004288   0x00000040   Data   RO          688    .rodata.AHBPrescTable  system_stm32g0xx.o
    0x080042c8   0x080042c8   0x00000020   Data   RO          689    .rodata.APBPrescTable  system_stm32g0xx.o
    0x080042e8   0x080042e8   0x00000018   Data   RO          645    .rodata.UARTPrescTable  stm32g0xx_hal_uart.o
    0x08004300   0x08004300   0x00000010   Data   RO          681    .rodata.cst8        stm32g0xx_hal_uart_ex.o
    0x08004310   0x08004310   0x0000000e   Data   RO           14    .rodata.str1.1      main.o
    0x0800431e   0x0800431e   0x0000005d   Data   RO          702    .rodata.str1.1      powermanagement.o
    0x0800437b   0x0800437b   0x00000001   PAD
    0x0800437c   0x0800437c   0x00000020   Data   RO          916    Region$$Table       anon$$obj.o


    Execution Region RW_IRAM1 (Exec base: 0x20000000, Load base: 0x080043a0, Size: 0x000008d0, Max: 0x00024000, ABSOLUTE)

    Exec Addr    Load Addr    Size         Type   Attr      Idx    E Section Name        Object

    0x20000000   0x080043a0   0x00000004   Data   RW          881    .data               mc_p.l(stdout.o)
    0x20000004   0x080043a4   0x00000004   Data   RW          687    .data.SystemCoreClock  system_stm32g0xx.o
    0x20000008   0x080043a8   0x00000004   Data   RW          717    .data.dbg_level     debug.o
    0x2000000c   0x080043ac   0x00000001   Data   RW          481    .data.uwTickFreq    stm32g0xx_hal.o
    0x2000000d   0x080043ad   0x00000003   PAD
    0x20000010   0x080043b0   0x00000004   Data   RW          480    .data.uwTickPrio    stm32g0xx_hal.o
    0x20000014   0x080043b4   0x0000000c   Data   RW          701    .data.wakeFlag      powermanagement.o
    0x20000020        -       0x00000400   Zero   RW          714    .bss.DataRxBuffer   debug.o
    0x20000420        -       0x00000004   Zero   RW          718    .bss.count          debug.o
    0x20000424        -       0x00000001   Zero   RW          715    .bss.dbg_rxdata     debug.o
    0x20000425   0x080043c0   0x00000003   PAD
    0x20000428        -       0x00000010   Zero   RW           22    .bss.hiwdg          iwdg.o
    0x20000438        -       0x00000090   Zero   RW           30    .bss.huart1         usart.o
    0x200004c8        -       0x00000004   Zero   RW          482    .bss.uwTick         stm32g0xx_hal.o
    0x200004cc   0x080043c0   0x00000004   PAD
    0x200004d0        -       0x00000400   Zero   RW            1    STACK               startup_stm32g0b1xx.o


==============================================================================

Image component sizes


      Code (inc. data)   RO Data    RW Data    ZI Data      Debug   Object Name

       740        192          0          4       1029          0   debug.o
       240         20          0          0          0          0   gpio.o
        44         12          0          0         16          0   iwdg.o
       636        120         14          0          0          0   main.o
      1432        274         93         12          0          0   powermanagement.o
        28          8        188          0       1024          0   startup_stm32g0b1xx.o
       228         28          0          5          4          0   stm32g0xx_hal.o
       192         20          0          0          0          0   stm32g0xx_hal_cortex.o
       216          4          0          0          0          0   stm32g0xx_hal_dma.o
       698         20          0          0          0          0   stm32g0xx_hal_gpio.o
       104         12          0          0          0          0   stm32g0xx_hal_iwdg.o
        56          4          0          0          0          0   stm32g0xx_hal_msp.o
       160         12          0          0          0          0   stm32g0xx_hal_pwr.o
       184          8          0          0          0          0   stm32g0xx_hal_pwr_ex.o
      1748         88          0          0          0          0   stm32g0xx_hal_rcc.o
       700         24          0          0          0          0   stm32g0xx_hal_rcc_ex.o
      3636        178         24          0          0          0   stm32g0xx_hal_uart.o
       272          8         16          0          0          0   stm32g0xx_hal_uart_ex.o
        56          0          0          0          0          0   stm32g0xx_it.o
        16          4         96          4          0          0   system_stm32g0xx.o
       268         16          0          0        144          0   usart.o

    ----------------------------------------------------------------------
     11664       1052        464         28       2224          0   Object Totals
         0          0         32          0          0          0   (incl. Generated)
        10          0          1          3          7          0   (incl. Padding)

    ----------------------------------------------------------------------

      Code (inc. data)   RO Data    RW Data    ZI Data      Debug   Library Member Name

        30          0          0          0          0          0   _chval.o
       824         12          0          0          0          0   _scanf.o
       330          0          0          0          0          0   _scanf_int.o
       330          0          0          0          0          0   _scanf_longlong.o
       232          0          0          0          0          0   _scanf_str.o
        68          0          0          0          0          0   _sgetc.o
        36          4         64          0          0          0   ctype_c.o
         0          0          0          0          0          0   entry.o
         0          0          0          0          0          0   entry10a.o
         0          0          0          0          0          0   entry11a.o
         8          4          0          0          0          0   entry2.o
         4          0          0          0          0          0   entry5.o
         0          0          0          0          0          0   entry7b.o
         0          0          0          0          0          0   entry8b.o
         8          4          0          0          0          0   entry9a.o
        30          0          0          0          0          0   handlers.o
        36          8          0          0          0          0   init.o
        14          0          0          0          0          0   isspace_c.o
         0          0          0          0          0          0   iusefp.o
        48          0          0          0          0          0   llmul.o
        32          0          0          0          0          0   llshl.o
        34          0          0          0          0          0   llushr.o
        36          0          0          0          0          0   memseta.o
       880         12          0          0          0          0   printf6.o
        32          4          0          0          0          0   puts.o
        44          8          0          0          0          0   scanf_char.o
       898         14          0          0          0          0   scanf_fp.o
        60         10          0          0          0          0   sscanf.o
         0          0          0          4          0          0   stdout.o
        20          0          0          0          0          0   strchr.o
        14          0          0          0          0          0   strlen.o
        62          0          0          0          0          0   uidiv_div0.o
        96          0          0          0          0          0   uldiv.o
        56          0          0          0          0          0   d2f.o
       240          6          0          0          0          0   ddiv.o
       236          0          0          0          0          0   depilogue.o
        28          6          0          0          0          0   dfltul.o
       208          6          0          0          0          0   dmul.o
       130          0          0          0          0          0   fepilogue.o

    ----------------------------------------------------------------------
      5116         98         64          4          0          0   Library Totals
        12          0          0          0          0          0   (incl. Padding)

    ----------------------------------------------------------------------

      Code (inc. data)   RO Data    RW Data    ZI Data      Debug   Library Name

      4206         80         64          4          0          0   mc_p.l
       898         18          0          0          0          0   mf_p.l

    ----------------------------------------------------------------------
      5116         98         64          4          0          0   Library Totals

    ----------------------------------------------------------------------

==============================================================================


      Code (inc. data)   RO Data    RW Data    ZI Data      Debug   

     16780       1150        528         32       2224          0   Grand Totals
     16780       1150        528         32       2224          0   ELF Image Totals
     16780       1150        528         32          0          0   ROM Totals

==============================================================================

    Total RO  Size (Code + RO Data)                17308 (  16.90kB)
    Total RW  Size (RW Data + ZI Data)              2256 (   2.20kB)
    Total ROM Size (Code + RO Data + RW Data)      17340 (  16.93kB)

==============================================================================

